Archive member included to satisfy reference by file (symbol)

d:/gcc-arm-none-eabi/bin/../lib/gcc/arm-none-eabi/10.3.1/thumb/v7e-m/nofp\libgcc.a(_arm_muldf3.o)
                              CMakeFiles/step_motor.elf.dir/Core/Src/step_motor.c.obj (__aeabi_dmul)
d:/gcc-arm-none-eabi/bin/../lib/gcc/arm-none-eabi/10.3.1/thumb/v7e-m/nofp\libgcc.a(_arm_addsubdf3.o)
                              CMakeFiles/step_motor.elf.dir/Core/Src/step_motor.c.obj (__aeabi_dadd)
d:/gcc-arm-none-eabi/bin/../lib/gcc/arm-none-eabi/10.3.1/thumb/v7e-m/nofp\libgcc.a(_arm_muldivdf3.o)
                              CMakeFiles/step_motor.elf.dir/Core/Src/step_motor.c.obj (__aeabi_ddiv)
d:/gcc-arm-none-eabi/bin/../lib/gcc/arm-none-eabi/10.3.1/thumb/v7e-m/nofp\libgcc.a(_aeabi_uldivmod.o)
                              CMakeFiles/step_motor.elf.dir/Drivers/STM32F4xx_HAL_Driver/Src/stm32f4xx_hal_rcc.c.obj (__aeabi_uldivmod)
d:/gcc-arm-none-eabi/bin/../lib/gcc/arm-none-eabi/10.3.1/thumb/v7e-m/nofp\libgcc.a(_udivmoddi4.o)
                              d:/gcc-arm-none-eabi/bin/../lib/gcc/arm-none-eabi/10.3.1/thumb/v7e-m/nofp\libgcc.a(_aeabi_uldivmod.o) (__udivmoddi4)
d:/gcc-arm-none-eabi/bin/../lib/gcc/arm-none-eabi/10.3.1/thumb/v7e-m/nofp\libgcc.a(_dvmd_tls.o)
                              d:/gcc-arm-none-eabi/bin/../lib/gcc/arm-none-eabi/10.3.1/thumb/v7e-m/nofp\libgcc.a(_aeabi_uldivmod.o) (__aeabi_ldiv0)
d:/gcc-arm-none-eabi/bin/../lib/gcc/arm-none-eabi/10.3.1/../../../../arm-none-eabi/lib/thumb/v7e-m/nofp\libc.a(lib_a-errno.o)
                              CMakeFiles/step_motor.elf.dir/Core/Src/retarget.c.obj (__errno)
d:/gcc-arm-none-eabi/bin/../lib/gcc/arm-none-eabi/10.3.1/../../../../arm-none-eabi/lib/thumb/v7e-m/nofp\libc.a(lib_a-exit.o)
                              d:/gcc-arm-none-eabi/bin/../lib/gcc/arm-none-eabi/10.3.1/../../../../arm-none-eabi/lib/thumb/v7e-m/nofp/crt0.o (exit)
d:/gcc-arm-none-eabi/bin/../lib/gcc/arm-none-eabi/10.3.1/../../../../arm-none-eabi/lib/thumb/v7e-m/nofp\libc.a(lib_a-impure.o)
                              d:/gcc-arm-none-eabi/bin/../lib/gcc/arm-none-eabi/10.3.1/../../../../arm-none-eabi/lib/thumb/v7e-m/nofp\libc.a(lib_a-exit.o) (_global_impure_ptr)
d:/gcc-arm-none-eabi/bin/../lib/gcc/arm-none-eabi/10.3.1/../../../../arm-none-eabi/lib/thumb/v7e-m/nofp\libc.a(lib_a-init.o)
                              d:/gcc-arm-none-eabi/bin/../lib/gcc/arm-none-eabi/10.3.1/../../../../arm-none-eabi/lib/thumb/v7e-m/nofp/crt0.o (__libc_init_array)
d:/gcc-arm-none-eabi/bin/../lib/gcc/arm-none-eabi/10.3.1/../../../../arm-none-eabi/lib/thumb/v7e-m/nofp\libc.a(lib_a-memset.o)
                              d:/gcc-arm-none-eabi/bin/../lib/gcc/arm-none-eabi/10.3.1/../../../../arm-none-eabi/lib/thumb/v7e-m/nofp/crt0.o (memset)
d:/gcc-arm-none-eabi/bin/../lib/gcc/arm-none-eabi/10.3.1/../../../../arm-none-eabi/lib/thumb/v7e-m/nofp\libc.a(lib_a-printf.o)
                              CMakeFiles/step_motor.elf.dir/Core/Src/step_motor.c.obj (printf)
d:/gcc-arm-none-eabi/bin/../lib/gcc/arm-none-eabi/10.3.1/../../../../arm-none-eabi/lib/thumb/v7e-m/nofp\libc.a(lib_a-puts.o)
                              CMakeFiles/step_motor.elf.dir/Core/Src/main.c.obj (puts)
d:/gcc-arm-none-eabi/bin/../lib/gcc/arm-none-eabi/10.3.1/../../../../arm-none-eabi/lib/thumb/v7e-m/nofp\libc.a(lib_a-setvbuf.o)
                              CMakeFiles/step_motor.elf.dir/Core/Src/retarget.c.obj (setvbuf)
d:/gcc-arm-none-eabi/bin/../lib/gcc/arm-none-eabi/10.3.1/../../../../arm-none-eabi/lib/thumb/v7e-m/nofp\libc.a(lib_a-strlen.o)
                              d:/gcc-arm-none-eabi/bin/../lib/gcc/arm-none-eabi/10.3.1/../../../../arm-none-eabi/lib/thumb/v7e-m/nofp\libc.a(lib_a-puts.o) (strlen)
d:/gcc-arm-none-eabi/bin/../lib/gcc/arm-none-eabi/10.3.1/../../../../arm-none-eabi/lib/thumb/v7e-m/nofp\libc.a(lib_a-vfprintf.o)
                              d:/gcc-arm-none-eabi/bin/../lib/gcc/arm-none-eabi/10.3.1/../../../../arm-none-eabi/lib/thumb/v7e-m/nofp\libc.a(lib_a-printf.o) (_vfprintf_r)
d:/gcc-arm-none-eabi/bin/../lib/gcc/arm-none-eabi/10.3.1/../../../../arm-none-eabi/lib/thumb/v7e-m/nofp\libc.a(lib_a-wsetup.o)
                              d:/gcc-arm-none-eabi/bin/../lib/gcc/arm-none-eabi/10.3.1/../../../../arm-none-eabi/lib/thumb/v7e-m/nofp\libc.a(lib_a-vfprintf.o) (__swsetup_r)
d:/gcc-arm-none-eabi/bin/../lib/gcc/arm-none-eabi/10.3.1/../../../../arm-none-eabi/lib/thumb/v7e-m/nofp\libc.a(lib_a-__call_atexit.o)
                              d:/gcc-arm-none-eabi/bin/../lib/gcc/arm-none-eabi/10.3.1/../../../../arm-none-eabi/lib/thumb/v7e-m/nofp\libc.a(lib_a-exit.o) (__call_exitprocs)
d:/gcc-arm-none-eabi/bin/../lib/gcc/arm-none-eabi/10.3.1/../../../../arm-none-eabi/lib/thumb/v7e-m/nofp\libc.a(lib_a-atexit.o)
                              d:/gcc-arm-none-eabi/bin/../lib/gcc/arm-none-eabi/10.3.1/../../../../arm-none-eabi/lib/thumb/v7e-m/nofp\libc.a(lib_a-__call_atexit.o) (atexit)
[...]
Memory Configuration

Name             Origin             Length             Attributes
CCMRAM           0x10000000         0x00010000         xrw
RAM              0x20000000         0x00020000         xrw
FLASH            0x08000000         0x00080000         xr
*default*        0x00000000         0xffffffff

Linker script and memory map

LOAD d:/gcc-arm-none-eabi/bin/../lib/gcc/arm-none-eabi/10.3.1/thumb/v7e-m/nofp/crti.o
LOAD d:/gcc-arm-none-eabi/bin/../lib/gcc/arm-none-eabi/10.3.1/thumb/v7e-m/nofp/crtbegin.o
LOAD d:/gcc-arm-none-eabi/bin/../lib/gcc/arm-none-eabi/10.3.1/../../../../arm-none-eabi/lib/thumb/v7e-m/nofp/crt0.o
LOAD CMakeFiles/step_motor.elf.dir/Core/Src/gpio.c.obj
LOAD CMakeFiles/step_motor.elf.dir/Core/Src/main.c.obj
LOAD CMakeFiles/step_motor.elf.dir/Core/Src/retarget.c.obj
LOAD CMakeFiles/step_motor.elf.dir/Core/Src/step_motor.c.obj
LOAD CMakeFiles/step_motor.elf.dir/Core/Src/stm32f4xx_hal_msp.c.obj
LOAD CMakeFiles/step_motor.elf.dir/Core/Src/stm32f4xx_it.c.obj
LOAD CMakeFiles/step_motor.elf.dir/Core/Src/syscalls.c.obj
LOAD CMakeFiles/step_motor.elf.dir/Core/Src/sysmem.c.obj
LOAD CMakeFiles/step_motor.elf.dir/Core/Src/system_stm32f4xx.c.obj
LOAD CMakeFiles/step_motor.elf.dir/Core/Src/usart.c.obj
LOAD CMakeFiles/step_motor.elf.dir/Core/Startup/startup_stm32f407vetx.s.obj
LOAD CMakeFiles/step_motor.elf.dir/Drivers/STM32F4xx_HAL_Driver/Src/stm32f4xx_hal.c.obj
LOAD CMakeFiles/step_motor.elf.dir/Drivers/STM32F4xx_HAL_Driver/Src/stm32f4xx_hal_cortex.c.obj
LOAD CMakeFiles/step_motor.elf.dir/Drivers/STM32F4xx_HAL_Driver/Src/stm32f4xx_hal_dma.c.obj
LOAD CMakeFiles/step_motor.elf.dir/Drivers/STM32F4xx_HAL_Driver/Src/stm32f4xx_hal_dma_ex.c.obj
LOAD CMakeFiles/step_motor.elf.dir/Drivers/STM32F4xx_HAL_Driver/Src/stm32f4xx_hal_exti.c.obj
LOAD CMakeFiles/step_motor.elf.dir/Drivers/STM32F4xx_HAL_Driver/Src/stm32f4xx_hal_flash.c.obj
LOAD CMakeFiles/step_motor.elf.dir/Drivers/STM32F4xx_HAL_Driver/Src/stm32f4xx_hal_flash_ex.c.obj
LOAD CMakeFiles/step_motor.elf.dir/Drivers/STM32F4xx_HAL_Driver/Src/stm32f4xx_hal_flash_ramfunc.c.obj
LOAD CMakeFiles/step_motor.elf.dir/Drivers/STM32F4xx_HAL_Driver/Src/stm32f4xx_hal_gpio.c.obj
LOAD CMakeFiles/step_motor.elf.dir/Drivers/STM32F4xx_HAL_Driver/Src/stm32f4xx_hal_pwr.c.obj
LOAD CMakeFiles/step_motor.elf.dir/Drivers/STM32F4xx_HAL_Driver/Src/stm32f4xx_hal_pwr_ex.c.obj
LOAD CMakeFiles/step_motor.elf.dir/Drivers/STM32F4xx_HAL_Driver/Src/stm32f4xx_hal_rcc.c.obj
LOAD CMakeFiles/step_motor.elf.dir/Drivers/STM32F4xx_HAL_Driver/Src/stm32f4xx_hal_rcc_ex.c.obj
LOAD CMakeFiles/step_motor.elf.dir/Drivers/STM32F4xx_HAL_Driver/Src/stm32f4xx_hal_tim.c.obj
LOAD CMakeFiles/step_motor.elf.dir/Drivers/STM32F4xx_HAL_Driver/Src/stm32f4xx_hal_tim_ex.c.obj
LOAD CMakeFiles/step_motor.elf.dir/Drivers/STM32F4xx_HAL_Driver/Src/stm32f4xx_hal_uart.c.obj
START GROUP
LOAD d:/gcc-arm-none-eabi/bin/../lib/gcc/arm-none-eabi/10.3.1/thumb/v7e-m/nofp\libgcc.a
LOAD d:/gcc-arm-none-eabi/bin/../lib/gcc/arm-none-eabi/10.3.1/../../../../arm-none-eabi/lib/thumb/v7e-m/nofp\libc.a
END GROUP
LOAD d:/gcc-arm-none-eabi/bin/../lib/gcc/arm-none-eabi/10.3.1/thumb/v7e-m/nofp/crtend.o
LOAD d:/gcc-arm-none-eabi/bin/../lib/gcc/arm-none-eabi/10.3.1/thumb/v7e-m/nofp/crtn.o
                0x20020000                _estack = (ORIGIN (RAM) + LENGTH (RAM))
                0x00000200                _Min_Heap_Size = 0x200
                0x00000400                _Min_Stack_Size = 0x400

.isr_vector     0x08000000      0x188
                0x08000000                . = ALIGN (0x4)
 *(.isr_vector)
 .isr_vector    0x08000000      0x188 CMakeFiles/step_motor.elf.dir/Core/Startup/startup_stm32f407vetx.s.obj
                0x08000000                g_pfnVectors
                0x08000188                . = ALIGN (0x4)

.text           0x080001c0     0x8ce0
                0x080001c0                . = ALIGN (0x4)
 *(.text)
 .text          0x080001c0       0x40 d:/gcc-arm-none-eabi/bin/../lib/gcc/arm-none-eabi/10.3.1/thumb/v7e-m/nofp/crtbegin.o
 .text          0x08000200      0x378 d:/gcc-arm-none-eabi/bin/../lib/gcc/arm-none-eabi/10.3.1/thumb/v7e-m/nofp\libgcc.a(_arm_addsubdf3.o)
                0x08000200                __aeabi_drsub
                0x08000208                __aeabi_dsub
                0x08000208                __subdf3
                0x0800020c                __aeabi_dadd
                0x0800020c                __adddf3
                0x08000484                __floatunsidf
                0x08000484                __aeabi_ui2d
                0x080004a4                __floatsidf
                0x080004a4                __aeabi_i2d
                0x080004c8                __aeabi_f2d
                0x080004c8                __extendsfdf2
                0x0800050c                __floatundidf
                0x0800050c                __aeabi_ul2d
                0x0800051c                __floatdidf
                0x0800051c                __aeabi_l2d
 .text          0x08000578      0x424 d:/gcc-arm-none-eabi/bin/../lib/gcc/arm-none-eabi/10.3.1/thumb/v7e-m/nofp\libgcc.a(_arm_muldivdf3.o)
                0x08000578                __aeabi_dmul
                0x08000578                __muldf3
                0x080007cc                __divdf3
                0x080007cc                __aeabi_ddiv
 .text          0x0800099c       0x30 d:/gcc-arm-none-eabi/bin/../lib/gcc/arm-none-eabi/10.3.1/thumb/v7e-m/nofp\libgcc.a(_aeabi_uldivmod.o)
                0x0800099c                __aeabi_uldivmod
 .text          0x080009cc      0x2d0 d:/gcc-arm-none-eabi/bin/../lib/gcc/arm-none-eabi/10.3.1/thumb/v7e-m/nofp\libgcc.a(_udivmoddi4.o)
                0x080009cc                __udivmoddi4
 .text          0x08000c9c        0x4 d:/gcc-arm-none-eabi/bin/../lib/gcc/arm-none-eabi/10.3.1/thumb/v7e-m/nofp\libgcc.a(_dvmd_tls.o)
                0x08000c9c                __aeabi_idiv0
                0x08000c9c                __aeabi_ldiv0
 *fill*         0x08000ca0       0x20 
 .text          0x08000cc0       0xdc d:/gcc-arm-none-eabi/bin/../lib/gcc/arm-none-eabi/10.3.1/../../../../arm-none-eabi/lib/thumb/v7e-m/nofp\libc.a(lib_a-strlen.o)
                0x08000cc0                strlen
 *fill*         0x08000d9c        0x4 
 .text          0x08000da0       0xa0 d:/gcc-arm-none-eabi/bin/../lib/gcc/arm-none-eabi/10.3.1/../../../../arm-none-eabi/lib/thumb/v7e-m/nofp\libc.a(lib_a-memchr.o)
                0x08000da0                memchr
 .text          0x08000e40      0x134 d:/gcc-arm-none-eabi/bin/../lib/gcc/arm-none-eabi/10.3.1/../../../../arm-none-eabi/lib/thumb/v7e-m/nofp\libc.a(lib_a-memcpy.o)
                0x08000e40                memcpy
 .text          0x08000f74      0x110 d:/gcc-arm-none-eabi/bin/../lib/gcc/arm-none-eabi/10.3.1/thumb/v7e-m/nofp\libgcc.a(_arm_cmpdf2.o)
                0x08000f74                __gtdf2
                0x08000f74                __gedf2
                0x08000f7c                __ltdf2
                0x08000f7c                __ledf2
                0x08000f84                __nedf2
                0x08000f84                __eqdf2
                0x08000f84                __cmpdf2
                0x08001000                __aeabi_cdrcmple
                0x08001010                __aeabi_cdcmpeq
                0x08001010                __aeabi_cdcmple
                0x08001020                __aeabi_dcmpeq
                0x08001034                __aeabi_dcmplt
                0x08001048                __aeabi_dcmple
                0x0800105c                __aeabi_dcmpge
                0x08001070                __aeabi_dcmpgt
 .text          0x08001084       0x2c d:/gcc-arm-none-eabi/bin/../lib/gcc/arm-none-eabi/10.3.1/thumb/v7e-m/nofp\libgcc.a(_arm_unorddf2.o)
                0x08001084                __unorddf2
                0x08001084                __aeabi_dcmpun
 .text          0x080010b0       0x50 d:/gcc-arm-none-eabi/bin/../lib/gcc/arm-none-eabi/10.3.1/thumb/v7e-m/nofp\libgcc.a(_arm_fixdfsi.o)
                0x080010b0                __aeabi_d2iz
                0x080010b0                __fixdfsi
 *(.text*)
 .text.MX_GPIO_Init
                0x08001100       0x60 CMakeFiles/step_motor.elf.dir/Core/Src/gpio.c.obj
                0x08001100                MX_GPIO_Init
 .text.Error_Handler
                0x08001160        0x4 CMakeFiles/step_motor.elf.dir/Core/Src/main.c.obj
                0x08001160                Error_Handler
 .text.SystemClock_Config
                0x08001164       0xd4 CMakeFiles/step_motor.elf.dir/Core/Src/main.c.obj
                0x08001164                SystemClock_Config
 .text.main     0x08001238       0xa4 CMakeFiles/step_motor.elf.dir/Core/Src/main.c.obj
                0x08001238                main
 .text.RetargetInit
                0x080012dc       0x20 CMakeFiles/step_motor.elf.dir/Core/Src/retarget.c.obj
                0x080012dc                RetargetInit
 .text._isatty  0x080012fc       0x16 CMakeFiles/step_motor.elf.dir/Core/Src/retarget.c.obj
                0x080012fc                _isatty
 *fill*         0x08001312        0x2 
 .text._write   0x08001314       0x34 CMakeFiles/step_motor.elf.dir/Core/Src/retarget.c.obj
                0x08001314                _write
 .text._close   0x08001348       0x18 CMakeFiles/step_motor.elf.dir/Core/Src/retarget.c.obj
                0x08001348                _close
 .text._lseek   0x08001360       0x10 CMakeFiles/step_motor.elf.dir/Core/Src/retarget.c.obj
                0x08001360                _lseek
 .text._read    0x08001370       0x30 CMakeFiles/step_motor.elf.dir/Core/Src/retarget.c.obj
                0x08001370                _read
 .text._fstat   0x080013a0       0x1a CMakeFiles/step_motor.elf.dir/Core/Src/retarget.c.obj
                0x080013a0                _fstat
 *fill*         0x080013ba        0x2 
 .text.Step_Motor_Enable
                0x080013bc       0x78 CMakeFiles/step_motor.elf.dir/Core/Src/step_motor.c.obj
                0x080013bc                Step_Motor_Enable
 .text.Step_Motor_Pos_Contrpl
                0x08001434       0x90 CMakeFiles/step_motor.elf.dir/Core/Src/step_motor.c.obj
                0x08001434                Step_Motor_Pos_Contrpl
 *fill*         0x080014c4        0x4 
 .text.Step_Motor_Get_Cur_Pos
                0x080014c8      0x110 CMakeFiles/step_motor.elf.dir/Core/Src/step_motor.c.obj
                0x080014c8                Step_Motor_Get_Cur_Pos
 .text.Step_Motor_Get_Cur_Vel
                0x080015d8       0xb4 CMakeFiles/step_motor.elf.dir/Core/Src/step_motor.c.obj
                0x080015d8                Step_Motor_Get_Cur_Vel
 .text.HAL_MspInit
                0x0800168c       0x38 CMakeFiles/step_motor.elf.dir/Core/Src/stm32f4xx_hal_msp.c.obj
                0x0800168c                HAL_MspInit
 .text.NMI_Handler
                0x080016c4        0x2 CMakeFiles/step_motor.elf.dir/Core/Src/stm32f4xx_it.c.obj
                0x080016c4                NMI_Handler
 .text.HardFault_Handler
                0x080016c6        0x2 CMakeFiles/step_motor.elf.dir/Core/Src/stm32f4xx_it.c.obj
                0x080016c6                HardFault_Handler
 .text.MemManage_Handler
                0x080016c8        0x2 CMakeFiles/step_motor.elf.dir/Core/Src/stm32f4xx_it.c.obj
                0x080016c8                MemManage_Handler
 .text.BusFault_Handler
                0x080016ca        0x2 CMakeFiles/step_motor.elf.dir/Core/Src/stm32f4xx_it.c.obj
                0x080016ca                BusFault_Handler
 .text.UsageFault_Handler
                0x080016cc        0x2 CMakeFiles/step_motor.elf.dir/Core/Src/stm32f4xx_it.c.obj
                0x080016cc                UsageFault_Handler
 .text.SVC_Handler
                0x080016ce        0x2 CMakeFiles/step_motor.elf.dir/Core/Src/stm32f4xx_it.c.obj
                0x080016ce                SVC_Handler
 .text.DebugMon_Handler
                0x080016d0        0x2 CMakeFiles/step_motor.elf.dir/Core/Src/stm32f4xx_it.c.obj
                0x080016d0                DebugMon_Handler
 .text.PendSV_Handler
                0x080016d2        0x2 CMakeFiles/step_motor.elf.dir/Core/Src/stm32f4xx_it.c.obj
                0x080016d2                PendSV_Handler
 .text.SysTick_Handler
                0x080016d4        0x8 CMakeFiles/step_motor.elf.dir/Core/Src/stm32f4xx_it.c.obj
                0x080016d4                SysTick_Handler
 .text.UART4_IRQHandler
                0x080016dc       0x10 CMakeFiles/step_motor.elf.dir/Core/Src/stm32f4xx_it.c.obj
                0x080016dc                UART4_IRQHandler
 .text.UART5_IRQHandler
                0x080016ec       0x10 CMakeFiles/step_motor.elf.dir/Core/Src/stm32f4xx_it.c.obj
                0x080016ec                UART5_IRQHandler
 .text._getpid  0x080016fc        0x4 CMakeFiles/step_motor.elf.dir/Core/Src/syscalls.c.obj
                0x080016fc                _getpid
 .text._kill    0x08001700       0x10 CMakeFiles/step_motor.elf.dir/Core/Src/syscalls.c.obj
                0x08001700                _kill
 .text._exit    0x08001710        0xc CMakeFiles/step_motor.elf.dir/Core/Src/syscalls.c.obj
                0x08001710                _exit
 .text._sbrk    0x0800171c       0x48 CMakeFiles/step_motor.elf.dir/Core/Src/sysmem.c.obj
                0x0800171c                _sbrk
 .text.SystemInit
                0x08001764        0x2 CMakeFiles/step_motor.elf.dir/Core/Src/system_stm32f4xx.c.obj
                0x08001764                SystemInit
 *fill*         0x08001766        0x2 
 .text.MX_UART4_Init
                0x08001768       0x44 CMakeFiles/step_motor.elf.dir/Core/Src/usart.c.obj
                0x08001768                MX_UART4_Init
 .text.MX_UART5_Init
                0x080017ac       0x34 CMakeFiles/step_motor.elf.dir/Core/Src/usart.c.obj
                0x080017ac                MX_UART5_Init
 .text.HAL_UART_MspInit
                0x080017e0      0x110 CMakeFiles/step_motor.elf.dir/Core/Src/usart.c.obj
                0x080017e0                HAL_UART_MspInit
 .text.HAL_UART_RxCpltCallback
                0x080018f0       0x84 CMakeFiles/step_motor.elf.dir/Core/Src/usart.c.obj
                0x080018f0                HAL_UART_RxCpltCallback
 .text.Reset_Handler
                0x08001974       0x50 CMakeFiles/step_motor.elf.dir/Core/Startup/startup_stm32f407vetx.s.obj
                0x08001974                Reset_Handler
 .text.Default_Handler
                0x080019c4        0x2 CMakeFiles/step_motor.elf.dir/Core/Startup/startup_stm32f407vetx.s.obj
                0x080019c4                RTC_Alarm_IRQHandler
                0x080019c4                HASH_RNG_IRQHandler
                0x080019c4                EXTI2_IRQHandler
                0x080019c4                TIM8_CC_IRQHandler
                0x080019c4                TIM1_CC_IRQHandler
                0x080019c4                DMA2_Stream5_IRQHandler
                0x080019c4                DMA1_Stream5_IRQHandler
                0x080019c4                PVD_IRQHandler
                0x080019c4                SDIO_IRQHandler
                0x080019c4                TAMP_STAMP_IRQHandler
                0x080019c4                CAN2_RX1_IRQHandler
                0x080019c4                EXTI3_IRQHandler
                0x080019c4                TIM8_TRG_COM_TIM14_IRQHandler
                0x080019c4                TIM1_UP_TIM10_IRQHandler
                0x080019c4                TIM8_UP_TIM13_IRQHandler
                0x080019c4                I2C3_ER_IRQHandler
                0x080019c4                EXTI0_IRQHandler
                0x080019c4                I2C2_EV_IRQHandler
                0x080019c4                DMA1_Stream2_IRQHandler
                0x080019c4                CAN1_RX0_IRQHandler
                0x080019c4                FPU_IRQHandler
                0x080019c4                OTG_HS_WKUP_IRQHandler
                0x080019c4                CAN2_SCE_IRQHandler
                0x080019c4                DMA2_Stream2_IRQHandler
                0x080019c4                SPI1_IRQHandler
                0x080019c4                TIM6_DAC_IRQHandler
                0x080019c4                TIM1_BRK_TIM9_IRQHandler
                0x080019c4                DCMI_IRQHandler
                0x080019c4                CAN2_RX0_IRQHandler
                0x080019c4                DMA2_Stream3_IRQHandler
                0x080019c4                USART6_IRQHandler
                0x080019c4                USART3_IRQHandler
                0x080019c4                CAN1_RX1_IRQHandler
                0x080019c4                DMA2_Stream0_IRQHandler
                0x080019c4                TIM4_IRQHandler
                0x080019c4                I2C1_EV_IRQHandler
                0x080019c4                DMA1_Stream6_IRQHandler
                0x080019c4                DMA1_Stream1_IRQHandler
                0x080019c4                TIM3_IRQHandler
                0x080019c4                RCC_IRQHandler
                0x080019c4                TIM8_BRK_TIM12_IRQHandler
                0x080019c4                Default_Handler
                0x080019c4                EXTI15_10_IRQHandler
                0x080019c4                ADC_IRQHandler
                0x080019c4                DMA1_Stream7_IRQHandler
                0x080019c4                TIM7_IRQHandler
                0x080019c4                CAN2_TX_IRQHandler
                0x080019c4                TIM5_IRQHandler
                0x080019c4                DMA2_Stream7_IRQHandler
                0x080019c4                I2C3_EV_IRQHandler
                0x080019c4                EXTI9_5_IRQHandler
                0x080019c4                RTC_WKUP_IRQHandler
                0x080019c4                ETH_WKUP_IRQHandler
                0x080019c4                SPI2_IRQHandler
                0x080019c4                OTG_HS_EP1_IN_IRQHandler
                0x080019c4                DMA1_Stream0_IRQHandler
                0x080019c4                CAN1_TX_IRQHandler
                0x080019c4                EXTI4_IRQHandler
                0x080019c4                FSMC_IRQHandler
                0x080019c4                ETH_IRQHandler
                0x080019c4                OTG_HS_EP1_OUT_IRQHandler
                0x080019c4                WWDG_IRQHandler
                0x080019c4                TIM2_IRQHandler
                0x080019c4                OTG_FS_WKUP_IRQHandler
                0x080019c4                TIM1_TRG_COM_TIM11_IRQHandler
                0x080019c4                OTG_HS_IRQHandler
                0x080019c4                EXTI1_IRQHandler
                0x080019c4                USART2_IRQHandler
                0x080019c4                I2C2_ER_IRQHandler
                0x080019c4                DMA2_Stream1_IRQHandler
                0x080019c4                CAN1_SCE_IRQHandler
                0x080019c4                FLASH_IRQHandler
                0x080019c4                DMA2_Stream4_IRQHandler
                0x080019c4                USART1_IRQHandler
                0x080019c4                OTG_FS_IRQHandler
                0x080019c4                SPI3_IRQHandler
                0x080019c4                DMA1_Stream4_IRQHandler
                0x080019c4                I2C1_ER_IRQHandler
                0x080019c4                DMA2_Stream6_IRQHandler
                0x080019c4                DMA1_Stream3_IRQHandler
 *fill*         0x080019c6        0x2 
 .text.HAL_InitTick
                0x080019c8       0x4c CMakeFiles/step_motor.elf.dir/Drivers/STM32F4xx_HAL_Driver/Src/stm32f4xx_hal.c.obj
                0x080019c8                HAL_InitTick
 .text.HAL_Init
                0x08001a14       0x34 CMakeFiles/step_motor.elf.dir/Drivers/STM32F4xx_HAL_Driver/Src/stm32f4xx_hal.c.obj
                0x08001a14                HAL_Init
 .text.HAL_IncTick
                0x08001a48       0x18 CMakeFiles/step_motor.elf.dir/Drivers/STM32F4xx_HAL_Driver/Src/stm32f4xx_hal.c.obj
                0x08001a48                HAL_IncTick
 .text.HAL_GetTick
                0x08001a60        0xc CMakeFiles/step_motor.elf.dir/Drivers/STM32F4xx_HAL_Driver/Src/stm32f4xx_hal.c.obj
                0x08001a60                HAL_GetTick
 .text.HAL_Delay
                0x08001a6c       0x28 CMakeFiles/step_motor.elf.dir/Drivers/STM32F4xx_HAL_Driver/Src/stm32f4xx_hal.c.obj
                0x08001a6c                HAL_Delay
 .text.HAL_NVIC_SetPriorityGrouping
                0x08001a94       0x24 CMakeFiles/step_motor.elf.dir/Drivers/STM32F4xx_HAL_Driver/Src/stm32f4xx_hal_cortex.c.obj
                0x08001a94                HAL_NVIC_SetPriorityGrouping
 .text.HAL_NVIC_SetPriority
                0x08001ab8       0x70 CMakeFiles/step_motor.elf.dir/Drivers/STM32F4xx_HAL_Driver/Src/stm32f4xx_hal_cortex.c.obj
                0x08001ab8                HAL_NVIC_SetPriority
 .text.HAL_NVIC_EnableIRQ
                0x08001b28       0x1c CMakeFiles/step_motor.elf.dir/Drivers/STM32F4xx_HAL_Driver/Src/stm32f4xx_hal_cortex.c.obj
                0x08001b28                HAL_NVIC_EnableIRQ
 .text.HAL_SYSTICK_Config
                0x08001b44       0x28 CMakeFiles/step_motor.elf.dir/Drivers/STM32F4xx_HAL_Driver/Src/stm32f4xx_hal_cortex.c.obj
                0x08001b44                HAL_SYSTICK_Config
 .text.HAL_DMA_Abort
                0x08001b6c       0x94 CMakeFiles/step_motor.elf.dir/Drivers/STM32F4xx_HAL_Driver/Src/stm32f4xx_hal_dma.c.obj
                0x08001b6c                HAL_DMA_Abort
 .text.HAL_DMA_Abort_IT
                0x08001c00       0x26 CMakeFiles/step_motor.elf.dir/Drivers/STM32F4xx_HAL_Driver/Src/stm32f4xx_hal_dma.c.obj
                0x08001c00                HAL_DMA_Abort_IT
 *fill*         0x08001c26        0x2 
 .text.HAL_GPIO_Init
                0x08001c28      0x1e4 CMakeFiles/step_motor.elf.dir/Drivers/STM32F4xx_HAL_Driver/Src/stm32f4xx_hal_gpio.c.obj
                0x08001c28                HAL_GPIO_Init
 .text.HAL_RCC_OscConfig
                0x08001e0c      0x3f8 CMakeFiles/step_motor.elf.dir/Drivers/STM32F4xx_HAL_Driver/Src/stm32f4xx_hal_rcc.c.obj
                0x08001e0c                HAL_RCC_OscConfig
 .text.HAL_RCC_GetSysClockFreq
                0x08002204       0xd4 CMakeFiles/step_motor.elf.dir/Drivers/STM32F4xx_HAL_Driver/Src/stm32f4xx_hal_rcc.c.obj
                0x08002204                HAL_RCC_GetSysClockFreq
 .text.HAL_RCC_ClockConfig
                0x080022d8      0x160 CMakeFiles/step_motor.elf.dir/Drivers/STM32F4xx_HAL_Driver/Src/stm32f4xx_hal_rcc.c.obj
                0x080022d8                HAL_RCC_ClockConfig
 .text.HAL_RCC_GetHCLKFreq
                0x08002438        0xc CMakeFiles/step_motor.elf.dir/Drivers/STM32F4xx_HAL_Driver/Src/stm32f4xx_hal_rcc.c.obj
                0x08002438                HAL_RCC_GetHCLKFreq
 .text.HAL_RCC_GetPCLK1Freq
                0x08002444       0x20 CMakeFiles/step_motor.elf.dir/Drivers/STM32F4xx_HAL_Driver/Src/stm32f4xx_hal_rcc.c.obj
                0x08002444                HAL_RCC_GetPCLK1Freq
 .text.HAL_RCC_GetPCLK2Freq
                0x08002464       0x20 CMakeFiles/step_motor.elf.dir/Drivers/STM32F4xx_HAL_Driver/Src/stm32f4xx_hal_rcc.c.obj
                0x08002464                HAL_RCC_GetPCLK2Freq
 .text.UART_EndRxTransfer
                0x08002484       0x5c CMakeFiles/step_motor.elf.dir/Drivers/STM32F4xx_HAL_Driver/Src/stm32f4xx_hal_uart.c.obj
 .text.UART_Transmit_IT
                0x080024e0       0x60 CMakeFiles/step_motor.elf.dir/Drivers/STM32F4xx_HAL_Driver/Src/stm32f4xx_hal_uart.c.obj
 .text.UART_SetConfig
                0x08002540      0x110 CMakeFiles/step_motor.elf.dir/Drivers/STM32F4xx_HAL_Driver/Src/stm32f4xx_hal_uart.c.obj
 .text.UART_WaitOnFlagUntilTimeout
                0x08002650       0x8a CMakeFiles/step_motor.elf.dir/Drivers/STM32F4xx_HAL_Driver/Src/stm32f4xx_hal_uart.c.obj
 .text.HAL_UART_Init
                0x080026da       0x60 CMakeFiles/step_motor.elf.dir/Drivers/STM32F4xx_HAL_Driver/Src/stm32f4xx_hal_uart.c.obj
                0x080026da                HAL_UART_Init
 .text.HAL_UART_Transmit
                0x0800273a       0xcc CMakeFiles/step_motor.elf.dir/Drivers/STM32F4xx_HAL_Driver/Src/stm32f4xx_hal_uart.c.obj
                0x0800273a                HAL_UART_Transmit
 .text.HAL_UART_Receive
                0x08002806       0xd2 CMakeFiles/step_motor.elf.dir/Drivers/STM32F4xx_HAL_Driver/Src/stm32f4xx_hal_uart.c.obj
                0x08002806                HAL_UART_Receive
 .text.HAL_UART_TxCpltCallback
                0x080028d8        0x2 CMakeFiles/step_motor.elf.dir/Drivers/STM32F4xx_HAL_Driver/Src/stm32f4xx_hal_uart.c.obj
                0x080028d8                HAL_UART_TxCpltCallback
 .text.UART_EndTransmit_IT
                0x080028da       0x1a CMakeFiles/step_motor.elf.dir/Drivers/STM32F4xx_HAL_Driver/Src/stm32f4xx_hal_uart.c.obj
 .text.HAL_UART_ErrorCallback
                0x080028f4        0x2 CMakeFiles/step_motor.elf.dir/Drivers/STM32F4xx_HAL_Driver/Src/stm32f4xx_hal_uart.c.obj
                0x080028f4                HAL_UART_ErrorCallback
 .text.UART_DMAAbortOnError
                0x080028f6       0x10 CMakeFiles/step_motor.elf.dir/Drivers/STM32F4xx_HAL_Driver/Src/stm32f4xx_hal_uart.c.obj
 .text.HAL_UARTEx_RxEventCallback
                0x08002906        0x2 CMakeFiles/step_motor.elf.dir/Drivers/STM32F4xx_HAL_Driver/Src/stm32f4xx_hal_uart.c.obj
                0x08002906                HAL_UARTEx_RxEventCallback
 .text.UART_Receive_IT
                0x08002908       0xe6 CMakeFiles/step_motor.elf.dir/Drivers/STM32F4xx_HAL_Driver/Src/stm32f4xx_hal_uart.c.obj
 *fill*         0x080029ee        0x2 
 .text.HAL_UART_IRQHandler
                0x080029f0      0x288 CMakeFiles/step_motor.elf.dir/Drivers/STM32F4xx_HAL_Driver/Src/stm32f4xx_hal_uart.c.obj
                0x080029f0                HAL_UART_IRQHandler
 .text.UART_Start_Receive_IT
                0x08002c78       0x36 CMakeFiles/step_motor.elf.dir/Drivers/STM32F4xx_HAL_Driver/Src/stm32f4xx_hal_uart.c.obj
                0x08002c78                UART_Start_Receive_IT
 .text.HAL_UART_Receive_IT
                0x08002cae       0x26 CMakeFiles/step_motor.elf.dir/Drivers/STM32F4xx_HAL_Driver/Src/stm32f4xx_hal_uart.c.obj
                0x08002cae                HAL_UART_Receive_IT
 .text.__errno  0x08002cd4        0xc d:/gcc-arm-none-eabi/bin/../lib/gcc/arm-none-eabi/10.3.1/../../../../arm-none-eabi/lib/thumb/v7e-m/nofp\libc.a(lib_a-errno.o)
                0x08002cd4                __errno
 .text.__libc_init_array
                0x08002ce0       0x48 d:/gcc-arm-none-eabi/bin/../lib/gcc/arm-none-eabi/10.3.1/../../../../arm-none-eabi/lib/thumb/v7e-m/nofp\libc.a(lib_a-init.o)
                0x08002ce0                __libc_init_array
 .text.memset   0x08002d28       0xa4 d:/gcc-arm-none-eabi/bin/../lib/gcc/arm-none-eabi/10.3.1/../../../../arm-none-eabi/lib/thumb/v7e-m/nofp\libc.a(lib_a-memset.o)
                0x08002d28                memset
 .text.printf   0x08002dcc       0x28 d:/gcc-arm-none-eabi/bin/../lib/gcc/arm-none-eabi/10.3.1/../../../../arm-none-eabi/lib/thumb/v7e-m/nofp\libc.a(lib_a-printf.o)
                0x08002dcc                printf
 .text._puts_r  0x08002df4       0x9c d:/gcc-arm-none-eabi/bin/../lib/gcc/arm-none-eabi/10.3.1/../../../../arm-none-eabi/lib/thumb/v7e-m/nofp\libc.a(lib_a-puts.o)
                0x08002df4                _puts_r
 .text.puts     0x08002e90       0x10 d:/gcc-arm-none-eabi/bin/../lib/gcc/arm-none-eabi/10.3.1/../../../../arm-none-eabi/lib/thumb/v7e-m/nofp\libc.a(lib_a-puts.o)
                0x08002e90                puts
 .text.setvbuf  0x08002ea0      0x1b0 d:/gcc-arm-none-eabi/bin/../lib/gcc/arm-none-eabi/10.3.1/../../../../arm-none-eabi/lib/thumb/v7e-m/nofp\libc.a(lib_a-setvbuf.o)
                0x08002ea0                setvbuf
 .text._vfprintf_r
                0x08003050     0x1ad4 d:/gcc-arm-none-eabi/bin/../lib/gcc/arm-none-eabi/10.3.1/../../../../arm-none-eabi/lib/thumb/v7e-m/nofp\libc.a(lib_a-vfprintf.o)
                0x08003050                _vfprintf_r
 .text.__sbprintf
                0x08004b24       0x80 d:/gcc-arm-none-eabi/bin/../lib/gcc/arm-none-eabi/10.3.1/../../../../arm-none-eabi/lib/thumb/v7e-m/nofp\libc.a(lib_a-vfprintf.o)
 .text.__swsetup_r
                0x08004ba4       0xd4 d:/gcc-arm-none-eabi/bin/../lib/gcc/arm-none-eabi/10.3.1/../../../../arm-none-eabi/lib/thumb/v7e-m/nofp\libc.a(lib_a-wsetup.o)
                0x08004ba4                __swsetup_r
 .text.startup.register_fini
                0x08004c78       0x14 d:/gcc-arm-none-eabi/bin/../lib/gcc/arm-none-eabi/10.3.1/../../../../arm-none-eabi/lib/thumb/v7e-m/nofp\libc.a(lib_a-__call_atexit.o)
 .text.atexit   0x08004c8c        0xc d:/gcc-arm-none-eabi/bin/../lib/gcc/arm-none-eabi/10.3.1/../../../../arm-none-eabi/lib/thumb/v7e-m/nofp\libc.a(lib_a-atexit.o)
                0x08004c8c                atexit
 .text.quorem   0x08004c98      0x124 d:/gcc-arm-none-eabi/bin/../lib/gcc/arm-none-eabi/10.3.1/../../../../arm-none-eabi/lib/thumb/v7e-m/nofp\libc.a(lib_a-dtoa.o)
 *fill*         0x08004dbc        0x4 
 .text._dtoa_r  0x08004dc0      0xec4 d:/gcc-arm-none-eabi/bin/../lib/gcc/arm-none-eabi/10.3.1/../../../../arm-none-eabi/lib/thumb/v7e-m/nofp\libc.a(lib_a-dtoa.o)
                0x08004dc0                _dtoa_r
 .text.__sflush_r
                0x08005c84      0x120 d:/gcc-arm-none-eabi/bin/../lib/gcc/arm-none-eabi/10.3.1/../../../../arm-none-eabi/lib/thumb/v7e-m/nofp\libc.a(lib_a-fflush.o)
                0x08005c84                __sflush_r
 .text._fflush_r
                0x08005da4       0x5c d:/gcc-arm-none-eabi/bin/../lib/gcc/arm-none-eabi/10.3.1/../../../../arm-none-eabi/lib/thumb/v7e-m/nofp\libc.a(lib_a-fflush.o)
                0x08005da4                _fflush_r
 .text._cleanup_r
                0x08005e00        0xc d:/gcc-arm-none-eabi/bin/../lib/gcc/arm-none-eabi/10.3.1/../../../../arm-none-eabi/lib/thumb/v7e-m/nofp\libc.a(lib_a-findfp.o)
                0x08005e00                _cleanup_r
 .text.__sinit  0x08005e0c      0x10c d:/gcc-arm-none-eabi/bin/../lib/gcc/arm-none-eabi/10.3.1/../../../../arm-none-eabi/lib/thumb/v7e-m/nofp\libc.a(lib_a-findfp.o)
                0x08005e0c                __sinit
 .text.__sfp_lock_acquire
                0x08005f18        0xc d:/gcc-arm-none-eabi/bin/../lib/gcc/arm-none-eabi/10.3.1/../../../../arm-none-eabi/lib/thumb/v7e-m/nofp\libc.a(lib_a-findfp.o)
                0x08005f18                __sfp_lock_acquire
 .text.__sfp_lock_release
                0x08005f24        0xc d:/gcc-arm-none-eabi/bin/../lib/gcc/arm-none-eabi/10.3.1/../../../../arm-none-eabi/lib/thumb/v7e-m/nofp\libc.a(lib_a-findfp.o)
                0x08005f24                __sfp_lock_release
 .text.__libc_fini_array
                0x08005f30       0x2c d:/gcc-arm-none-eabi/bin/../lib/gcc/arm-none-eabi/10.3.1/../../../../arm-none-eabi/lib/thumb/v7e-m/nofp\libc.a(lib_a-fini.o)
                0x08005f30                __libc_fini_array
 .text._malloc_trim_r
                0x08005f5c       0xa0 d:/gcc-arm-none-eabi/bin/../lib/gcc/arm-none-eabi/10.3.1/../../../../arm-none-eabi/lib/thumb/v7e-m/nofp\libc.a(lib_a-freer.o)
                0x08005f5c                _malloc_trim_r
 .text._free_r  0x08005ffc      0x20c d:/gcc-arm-none-eabi/bin/../lib/gcc/arm-none-eabi/10.3.1/../../../../arm-none-eabi/lib/thumb/v7e-m/nofp\libc.a(lib_a-freer.o)
                0x08005ffc                _free_r
 .text.__sfvwrite_r
                0x08006208      0x2e8 d:/gcc-arm-none-eabi/bin/../lib/gcc/arm-none-eabi/10.3.1/../../../../arm-none-eabi/lib/thumb/v7e-m/nofp\libc.a(lib_a-fvwrite.o)
                0x08006208                __sfvwrite_r
 .text._fwalk_reent
                0x080064f0       0x48 d:/gcc-arm-none-eabi/bin/../lib/gcc/arm-none-eabi/10.3.1/../../../../arm-none-eabi/lib/thumb/v7e-m/nofp\libc.a(lib_a-fwalk.o)
                0x080064f0                _fwalk_reent
 .text._localeconv_r
                0x08006538        0x8 d:/gcc-arm-none-eabi/bin/../lib/gcc/arm-none-eabi/10.3.1/../../../../arm-none-eabi/lib/thumb/v7e-m/nofp\libc.a(lib_a-localeconv.o)
                0x08006538                _localeconv_r
 .text.__retarget_lock_init_recursive
                0x08006540        0x4 d:/gcc-arm-none-eabi/bin/../lib/gcc/arm-none-eabi/10.3.1/../../../../arm-none-eabi/lib/thumb/v7e-m/nofp\libc.a(lib_a-lock.o)
                0x08006540                __retarget_lock_init_recursive
 .text.__retarget_lock_close_recursive
                0x08006544        0x4 d:/gcc-arm-none-eabi/bin/../lib/gcc/arm-none-eabi/10.3.1/../../../../arm-none-eabi/lib/thumb/v7e-m/nofp\libc.a(lib_a-lock.o)
                0x08006544                __retarget_lock_close_recursive
 .text.__retarget_lock_acquire_recursive
                0x08006548        0x4 d:/gcc-arm-none-eabi/bin/../lib/gcc/arm-none-eabi/10.3.1/../../../../arm-none-eabi/lib/thumb/v7e-m/nofp\libc.a(lib_a-lock.o)
                0x08006548                __retarget_lock_acquire_recursive
 .text.__retarget_lock_release_recursive
                0x0800654c        0x4 d:/gcc-arm-none-eabi/bin/../lib/gcc/arm-none-eabi/10.3.1/../../../../arm-none-eabi/lib/thumb/v7e-m/nofp\libc.a(lib_a-lock.o)
                0x0800654c                __retarget_lock_release_recursive
 .text.__smakebuf_r
                0x08006550       0xe0 d:/gcc-arm-none-eabi/bin/../lib/gcc/arm-none-eabi/10.3.1/../../../../arm-none-eabi/lib/thumb/v7e-m/nofp\libc.a(lib_a-makebuf.o)
                0x08006550                __smakebuf_r
 .text.__swhatbuf_r
                0x08006630       0x60 d:/gcc-arm-none-eabi/bin/../lib/gcc/arm-none-eabi/10.3.1/../../../../arm-none-eabi/lib/thumb/v7e-m/nofp\libc.a(lib_a-makebuf.o)
                0x08006630                __swhatbuf_r
 .text.malloc   0x08006690       0x10 d:/gcc-arm-none-eabi/bin/../lib/gcc/arm-none-eabi/10.3.1/../../../../arm-none-eabi/lib/thumb/v7e-m/nofp\libc.a(lib_a-malloc.o)
                0x08006690                malloc
 .text._malloc_r
                0x080066a0      0x560 d:/gcc-arm-none-eabi/bin/../lib/gcc/arm-none-eabi/10.3.1/../../../../arm-none-eabi/lib/thumb/v7e-m/nofp\libc.a(lib_a-mallocr.o)
                0x080066a0                _malloc_r
 .text.memmove  0x08006c00       0xf8 d:/gcc-arm-none-eabi/bin/../lib/gcc/arm-none-eabi/10.3.1/../../../../arm-none-eabi/lib/thumb/v7e-m/nofp\libc.a(lib_a-memmove.o)
                0x08006c00                memmove
 .text.__malloc_lock
                0x08006cf8        0xc d:/gcc-arm-none-eabi/bin/../lib/gcc/arm-none-eabi/10.3.1/../../../../arm-none-eabi/lib/thumb/v7e-m/nofp\libc.a(lib_a-mlock.o)
                0x08006cf8                __malloc_lock
 .text.__malloc_unlock
                0x08006d04        0xc d:/gcc-arm-none-eabi/bin/../lib/gcc/arm-none-eabi/10.3.1/../../../../arm-none-eabi/lib/thumb/v7e-m/nofp\libc.a(lib_a-mlock.o)
                0x08006d04                __malloc_unlock
 .text._Balloc  0x08006d10       0x4c d:/gcc-arm-none-eabi/bin/../lib/gcc/arm-none-eabi/10.3.1/../../../../arm-none-eabi/lib/thumb/v7e-m/nofp\libc.a(lib_a-mprec.o)
                0x08006d10                _Balloc
 .text._Bfree   0x08006d5c       0x14 d:/gcc-arm-none-eabi/bin/../lib/gcc/arm-none-eabi/10.3.1/../../../../arm-none-eabi/lib/thumb/v7e-m/nofp\libc.a(lib_a-mprec.o)
                0x08006d5c                _Bfree
 .text.__multadd
                0x08006d70       0xa0 d:/gcc-arm-none-eabi/bin/../lib/gcc/arm-none-eabi/10.3.1/../../../../arm-none-eabi/lib/thumb/v7e-m/nofp\libc.a(lib_a-mprec.o)
                0x08006d70                __multadd
 .text.__hi0bits
                0x08006e10       0x40 d:/gcc-arm-none-eabi/bin/../lib/gcc/arm-none-eabi/10.3.1/../../../../arm-none-eabi/lib/thumb/v7e-m/nofp\libc.a(lib_a-mprec.o)
                0x08006e10                __hi0bits
 .text.__lo0bits
                0x08006e50       0x5c d:/gcc-arm-none-eabi/bin/../lib/gcc/arm-none-eabi/10.3.1/../../../../arm-none-eabi/lib/thumb/v7e-m/nofp\libc.a(lib_a-mprec.o)
                0x08006e50                __lo0bits
 .text.__i2b    0x08006eac       0x5c d:/gcc-arm-none-eabi/bin/../lib/gcc/arm-none-eabi/10.3.1/../../../../arm-none-eabi/lib/thumb/v7e-m/nofp\libc.a(lib_a-mprec.o)
                0x08006eac                __i2b
 .text.__multiply
                0x08006f08      0x15c d:/gcc-arm-none-eabi/bin/../lib/gcc/arm-none-eabi/10.3.1/../../../../arm-none-eabi/lib/thumb/v7e-m/nofp\libc.a(lib_a-mprec.o)
                0x08006f08                __multiply
 .text.__pow5mult
                0x08007064       0xc0 d:/gcc-arm-none-eabi/bin/../lib/gcc/arm-none-eabi/10.3.1/../../../../arm-none-eabi/lib/thumb/v7e-m/nofp\libc.a(lib_a-mprec.o)
                0x08007064                __pow5mult
 .text.__lshift
                0x08007124       0xf0 d:/gcc-arm-none-eabi/bin/../lib/gcc/arm-none-eabi/10.3.1/../../../../arm-none-eabi/lib/thumb/v7e-m/nofp\libc.a(lib_a-mprec.o)
                0x08007124                __lshift
 .text.__mcmp   0x08007214       0x40 d:/gcc-arm-none-eabi/bin/../lib/gcc/arm-none-eabi/10.3.1/../../../../arm-none-eabi/lib/thumb/v7e-m/nofp\libc.a(lib_a-mprec.o)
                0x08007214                __mcmp
 .text.__mdiff  0x08007254      0x14c d:/gcc-arm-none-eabi/bin/../lib/gcc/arm-none-eabi/10.3.1/../../../../arm-none-eabi/lib/thumb/v7e-m/nofp\libc.a(lib_a-mprec.o)
                0x08007254                __mdiff
 .text.__d2b    0x080073a0       0xc4 d:/gcc-arm-none-eabi/bin/../lib/gcc/arm-none-eabi/10.3.1/../../../../arm-none-eabi/lib/thumb/v7e-m/nofp\libc.a(lib_a-mprec.o)
                0x080073a0                __d2b
 .text._realloc_r
                0x08007464      0x3d8 d:/gcc-arm-none-eabi/bin/../lib/gcc/arm-none-eabi/10.3.1/../../../../arm-none-eabi/lib/thumb/v7e-m/nofp\libc.a(lib_a-reallocr.o)
                0x08007464                _realloc_r
 .text.frexp    0x0800783c       0x70 d:/gcc-arm-none-eabi/bin/../lib/gcc/arm-none-eabi/10.3.1/../../../../arm-none-eabi/lib/thumb/v7e-m/nofp\libc.a(lib_a-s_frexp.o)
                0x0800783c                frexp
 .text._sbrk_r  0x080078ac       0x24 d:/gcc-arm-none-eabi/bin/../lib/gcc/arm-none-eabi/10.3.1/../../../../arm-none-eabi/lib/thumb/v7e-m/nofp\libc.a(lib_a-sbrkr.o)
                0x080078ac                _sbrk_r
 .text.__sread  0x080078d0       0x24 d:/gcc-arm-none-eabi/bin/../lib/gcc/arm-none-eabi/10.3.1/../../../../arm-none-eabi/lib/thumb/v7e-m/nofp\libc.a(lib_a-stdio.o)
                0x080078d0                __sread
 .text.__swrite
                0x080078f4       0x40 d:/gcc-arm-none-eabi/bin/../lib/gcc/arm-none-eabi/10.3.1/../../../../arm-none-eabi/lib/thumb/v7e-m/nofp\libc.a(lib_a-stdio.o)
                0x080078f4                __swrite
 .text.__sseek  0x08007934       0x20 d:/gcc-arm-none-eabi/bin/../lib/gcc/arm-none-eabi/10.3.1/../../../../arm-none-eabi/lib/thumb/v7e-m/nofp\libc.a(lib_a-stdio.o)
                0x08007934                __sseek
 .text.__sclose
                0x08007954        0x8 d:/gcc-arm-none-eabi/bin/../lib/gcc/arm-none-eabi/10.3.1/../../../../arm-none-eabi/lib/thumb/v7e-m/nofp\libc.a(lib_a-stdio.o)
                0x08007954                __sclose
 .text.strncpy  0x0800795c       0x64 d:/gcc-arm-none-eabi/bin/../lib/gcc/arm-none-eabi/10.3.1/../../../../arm-none-eabi/lib/thumb/v7e-m/nofp\libc.a(lib_a-strncpy.o)
                0x0800795c                strncpy
 .text.__sprint_r.part.0
                0x080079c0       0x78 d:/gcc-arm-none-eabi/bin/../lib/gcc/arm-none-eabi/10.3.1/../../../../arm-none-eabi/lib/thumb/v7e-m/nofp\libc.a(lib_a-vfiprintf.o)
 .text.__sprint_r
                0x08007a38       0x14 d:/gcc-arm-none-eabi/bin/../lib/gcc/arm-none-eabi/10.3.1/../../../../arm-none-eabi/lib/thumb/v7e-m/nofp\libc.a(lib_a-vfiprintf.o)
                0x08007a38                __sprint_r
 .text._vfiprintf_r
                0x08007a4c      0xda0 d:/gcc-arm-none-eabi/bin/../lib/gcc/arm-none-eabi/10.3.1/../../../../arm-none-eabi/lib/thumb/v7e-m/nofp\libc.a(lib_a-vfiprintf.o)
                0x08007a4c                _vfiprintf_r
 .text.__sbprintf
                0x080087ec       0x80 d:/gcc-arm-none-eabi/bin/../lib/gcc/arm-none-eabi/10.3.1/../../../../arm-none-eabi/lib/thumb/v7e-m/nofp\libc.a(lib_a-vfiprintf.o)
 .text._write_r
                0x0800886c       0x2c d:/gcc-arm-none-eabi/bin/../lib/gcc/arm-none-eabi/10.3.1/../../../../arm-none-eabi/lib/thumb/v7e-m/nofp\libc.a(lib_a-writer.o)
                0x0800886c                _write_r
 .text.__register_exitproc
                0x08008898       0x8c d:/gcc-arm-none-eabi/bin/../lib/gcc/arm-none-eabi/10.3.1/../../../../arm-none-eabi/lib/thumb/v7e-m/nofp\libc.a(lib_a-__atexit.o)
                0x08008898                __register_exitproc
 .text.__assert_func
                0x08008924       0x40 d:/gcc-arm-none-eabi/bin/../lib/gcc/arm-none-eabi/10.3.1/../../../../arm-none-eabi/lib/thumb/v7e-m/nofp\libc.a(lib_a-assert.o)
                0x08008924                __assert_func
 .text._calloc_r
                0x08008964       0x78 d:/gcc-arm-none-eabi/bin/../lib/gcc/arm-none-eabi/10.3.1/../../../../arm-none-eabi/lib/thumb/v7e-m/nofp\libc.a(lib_a-callocr.o)
                0x08008964                _calloc_r
 .text._close_r
                0x080089dc       0x24 d:/gcc-arm-none-eabi/bin/../lib/gcc/arm-none-eabi/10.3.1/../../../../arm-none-eabi/lib/thumb/v7e-m/nofp\libc.a(lib_a-closer.o)
                0x080089dc                _close_r
 .text._fclose_r
                0x08008a00       0xcc d:/gcc-arm-none-eabi/bin/../lib/gcc/arm-none-eabi/10.3.1/../../../../arm-none-eabi/lib/thumb/v7e-m/nofp\libc.a(lib_a-fclose.o)
                0x08008a00                _fclose_r
 .text.fiprintf
                0x08008acc       0x28 d:/gcc-arm-none-eabi/bin/../lib/gcc/arm-none-eabi/10.3.1/../../../../arm-none-eabi/lib/thumb/v7e-m/nofp\libc.a(lib_a-fiprintf.o)
                0x08008acc                fiprintf
 .text.__fputwc
                0x08008af4       0xa8 d:/gcc-arm-none-eabi/bin/../lib/gcc/arm-none-eabi/10.3.1/../../../../arm-none-eabi/lib/thumb/v7e-m/nofp\libc.a(lib_a-fputwc.o)
                0x08008af4                __fputwc
 .text._fputwc_r
                0x08008b9c       0x68 d:/gcc-arm-none-eabi/bin/../lib/gcc/arm-none-eabi/10.3.1/../../../../arm-none-eabi/lib/thumb/v7e-m/nofp\libc.a(lib_a-fputwc.o)
                0x08008b9c                _fputwc_r
 .text._fstat_r
                0x08008c04       0x2c d:/gcc-arm-none-eabi/bin/../lib/gcc/arm-none-eabi/10.3.1/../../../../arm-none-eabi/lib/thumb/v7e-m/nofp\libc.a(lib_a-fstatr.o)
                0x08008c04                _fstat_r
 .text._isatty_r
                0x08008c30       0x24 d:/gcc-arm-none-eabi/bin/../lib/gcc/arm-none-eabi/10.3.1/../../../../arm-none-eabi/lib/thumb/v7e-m/nofp\libc.a(lib_a-isattyr.o)
                0x08008c30                _isatty_r
 .text.__locale_mb_cur_max
                0x08008c54        0xc d:/gcc-arm-none-eabi/bin/../lib/gcc/arm-none-eabi/10.3.1/../../../../arm-none-eabi/lib/thumb/v7e-m/nofp\libc.a(lib_a-locale.o)
                0x08008c54                __locale_mb_cur_max
 .text._lseek_r
                0x08008c60       0x2c d:/gcc-arm-none-eabi/bin/../lib/gcc/arm-none-eabi/10.3.1/../../../../arm-none-eabi/lib/thumb/v7e-m/nofp\libc.a(lib_a-lseekr.o)
                0x08008c60                _lseek_r
 .text.__ascii_mbtowc
                0x08008c8c       0x2c d:/gcc-arm-none-eabi/bin/../lib/gcc/arm-none-eabi/10.3.1/../../../../arm-none-eabi/lib/thumb/v7e-m/nofp\libc.a(lib_a-mbtowc_r.o)
                0x08008c8c                __ascii_mbtowc
 .text._read_r  0x08008cb8       0x2c d:/gcc-arm-none-eabi/bin/../lib/gcc/arm-none-eabi/10.3.1/../../../../arm-none-eabi/lib/thumb/v7e-m/nofp\libc.a(lib_a-readr.o)
                0x08008cb8                _read_r
 .text.__swbuf_r
                0x08008ce4       0xb0 d:/gcc-arm-none-eabi/bin/../lib/gcc/arm-none-eabi/10.3.1/../../../../arm-none-eabi/lib/thumb/v7e-m/nofp\libc.a(lib_a-wbuf.o)
                0x08008ce4                __swbuf_r
 .text._wcrtomb_r
                0x08008d94       0x3c d:/gcc-arm-none-eabi/bin/../lib/gcc/arm-none-eabi/10.3.1/../../../../arm-none-eabi/lib/thumb/v7e-m/nofp\libc.a(lib_a-wcrtomb.o)
                0x08008d94                _wcrtomb_r
 .text.__ascii_wctomb
                0x08008dd0       0x1c d:/gcc-arm-none-eabi/bin/../lib/gcc/arm-none-eabi/10.3.1/../../../../arm-none-eabi/lib/thumb/v7e-m/nofp\libc.a(lib_a-wctomb_r.o)
                0x08008dd0                __ascii_wctomb
 .text.abort    0x08008dec       0x10 d:/gcc-arm-none-eabi/bin/../lib/gcc/arm-none-eabi/10.3.1/../../../../arm-none-eabi/lib/thumb/v7e-m/nofp\libc.a(lib_a-abort.o)
                0x08008dec                abort
 .text.raise    0x08008dfc       0x5c d:/gcc-arm-none-eabi/bin/../lib/gcc/arm-none-eabi/10.3.1/../../../../arm-none-eabi/lib/thumb/v7e-m/nofp\libc.a(lib_a-signal.o)
                0x08008dfc                raise
 .text._kill_r  0x08008e58       0x2c d:/gcc-arm-none-eabi/bin/../lib/gcc/arm-none-eabi/10.3.1/../../../../arm-none-eabi/lib/thumb/v7e-m/nofp\libc.a(lib_a-signalr.o)
                0x08008e58                _kill_r
 .text._getpid_r
                0x08008e84        0x4 d:/gcc-arm-none-eabi/bin/../lib/gcc/arm-none-eabi/10.3.1/../../../../arm-none-eabi/lib/thumb/v7e-m/nofp\libc.a(lib_a-signalr.o)
                0x08008e84                _getpid_r
 *(.glue_7)
 .glue_7        0x08008e88        0x0 linker stubs
 *(.glue_7t)
 .glue_7t       0x08008e88        0x0 linker stubs
 *(.eh_frame)
 .eh_frame      0x08008e88        0x0 d:/gcc-arm-none-eabi/bin/../lib/gcc/arm-none-eabi/10.3.1/thumb/v7e-m/nofp/crtbegin.o
 *(.init)
 .init          0x08008e88        0x4 d:/gcc-arm-none-eabi/bin/../lib/gcc/arm-none-eabi/10.3.1/thumb/v7e-m/nofp/crti.o
                0x08008e88                _init
 .init          0x08008e8c        0x8 d:/gcc-arm-none-eabi/bin/../lib/gcc/arm-none-eabi/10.3.1/thumb/v7e-m/nofp/crtn.o
 *(.fini)
 .fini          0x08008e94        0x4 d:/gcc-arm-none-eabi/bin/../lib/gcc/arm-none-eabi/10.3.1/thumb/v7e-m/nofp/crti.o
                0x08008e94                _fini
 .fini          0x08008e98        0x8 d:/gcc-arm-none-eabi/bin/../lib/gcc/arm-none-eabi/10.3.1/thumb/v7e-m/nofp/crtn.o
                0x08008ea0                . = ALIGN (0x4)
                0x08008ea0                _etext = .

.vfp11_veneer   0x08008ea0        0x0
 .vfp11_veneer  0x08008ea0        0x0 linker stubs

.v4_bx          0x08008ea0        0x0
 .v4_bx         0x08008ea0        0x0 linker stubs

.iplt           0x08008ea0        0x0
 .iplt          0x08008ea0        0x0 d:/gcc-arm-none-eabi/bin/../lib/gcc/arm-none-eabi/10.3.1/thumb/v7e-m/nofp/crtbegin.o

.rodata         0x08008ea0      0x460
                0x08008ea0                . = ALIGN (0x4)
 *(.rodata)
 .rodata        0x08008ea0        0x3 CMakeFiles/step_motor.elf.dir/Core/Src/step_motor.c.obj
 *(.rodata*)
 *fill*         0x08008ea3        0x1 
 .rodata.main.str1.4
                0x08008ea4        0x7 CMakeFiles/step_motor.elf.dir/Core/Src/main.c.obj
 *fill*         0x08008eab        0x1 
 .rodata.Step_Motor_Enable.str1.4
                0x08008eac       0x24 CMakeFiles/step_motor.elf.dir/Core/Src/step_motor.c.obj
 .rodata.Step_Motor_Get_Cur_Pos.str1.4
                0x08008ed0        0xa CMakeFiles/step_motor.elf.dir/Core/Src/step_motor.c.obj
 *fill*         0x08008eda        0x2 
 .rodata.Step_Motor_Get_Cur_Vel.str1.4
                0x08008edc        0xe CMakeFiles/step_motor.elf.dir/Core/Src/step_motor.c.obj
 *fill*         0x08008eea        0x2 
 .rodata.AHBPrescTable
                0x08008eec       0x10 CMakeFiles/step_motor.elf.dir/Core/Src/system_stm32f4xx.c.obj
                0x08008eec                AHBPrescTable
 .rodata.APBPrescTable
                0x08008efc        0x8 CMakeFiles/step_motor.elf.dir/Core/Src/system_stm32f4xx.c.obj
                0x08008efc                APBPrescTable
 .rodata._global_impure_ptr
                0x08008f04        0x4 d:/gcc-arm-none-eabi/bin/../lib/gcc/arm-none-eabi/10.3.1/../../../../arm-none-eabi/lib/thumb/v7e-m/nofp\libc.a(lib_a-impure.o)
                0x08008f04                _global_impure_ptr
 .rodata._puts_r.str1.4
                0x08008f08        0xe d:/gcc-arm-none-eabi/bin/../lib/gcc/arm-none-eabi/10.3.1/../../../../arm-none-eabi/lib/thumb/v7e-m/nofp\libc.a(lib_a-puts.o)
                                  0x2 (size before relaxing)
 .rodata._vfprintf_r.str1.4
                0x08008f08       0x42 d:/gcc-arm-none-eabi/bin/../lib/gcc/arm-none-eabi/10.3.1/../../../../arm-none-eabi/lib/thumb/v7e-m/nofp\libc.a(lib_a-vfprintf.o)
 *fill*         0x08008f4a        0x2 
 .rodata.blanks.1
                0x08008f4c       0x10 d:/gcc-arm-none-eabi/bin/../lib/gcc/arm-none-eabi/10.3.1/../../../../arm-none-eabi/lib/thumb/v7e-m/nofp\libc.a(lib_a-vfprintf.o)
 .rodata.zeroes.0
                0x08008f5c       0x10 d:/gcc-arm-none-eabi/bin/../lib/gcc/arm-none-eabi/10.3.1/../../../../arm-none-eabi/lib/thumb/v7e-m/nofp\libc.a(lib_a-vfprintf.o)
 .rodata._dtoa_r.str1.4
                0x08008f6c       0xa2 d:/gcc-arm-none-eabi/bin/../lib/gcc/arm-none-eabi/10.3.1/../../../../arm-none-eabi/lib/thumb/v7e-m/nofp\libc.a(lib_a-dtoa.o)
                                 0xa6 (size before relaxing)
 *fill*         0x0800900e        0x2 
 .rodata.__multadd.str1.4
                0x08009010       0x7f d:/gcc-arm-none-eabi/bin/../lib/gcc/arm-none-eabi/10.3.1/../../../../arm-none-eabi/lib/thumb/v7e-m/nofp\libc.a(lib_a-mprec.o)
                                 0x93 (size before relaxing)
 *fill*         0x0800908f        0x1 
 .rodata.__mprec_bigtens
                0x08009090       0x28 d:/gcc-arm-none-eabi/bin/../lib/gcc/arm-none-eabi/10.3.1/../../../../arm-none-eabi/lib/thumb/v7e-m/nofp\libc.a(lib_a-mprec.o)
                0x08009090                __mprec_bigtens
 .rodata.__mprec_tens
                0x080090b8       0xc8 d:/gcc-arm-none-eabi/bin/../lib/gcc/arm-none-eabi/10.3.1/../../../../arm-none-eabi/lib/thumb/v7e-m/nofp\libc.a(lib_a-mprec.o)
                0x080090b8                __mprec_tens
 .rodata.p05.0  0x08009180        0xc d:/gcc-arm-none-eabi/bin/../lib/gcc/arm-none-eabi/10.3.1/../../../../arm-none-eabi/lib/thumb/v7e-m/nofp\libc.a(lib_a-mprec.o)
 .rodata._vfiprintf_r.str1.4
                0x0800918c       0x2f d:/gcc-arm-none-eabi/bin/../lib/gcc/arm-none-eabi/10.3.1/../../../../arm-none-eabi/lib/thumb/v7e-m/nofp\libc.a(lib_a-vfiprintf.o)
 .rodata.blanks.1
                0x0800918c       0x10 d:/gcc-arm-none-eabi/bin/../lib/gcc/arm-none-eabi/10.3.1/../../../../arm-none-eabi/lib/thumb/v7e-m/nofp\libc.a(lib_a-vfiprintf.o)
 .rodata.zeroes.0
                0x0800919c       0x10 d:/gcc-arm-none-eabi/bin/../lib/gcc/arm-none-eabi/10.3.1/../../../../arm-none-eabi/lib/thumb/v7e-m/nofp\libc.a(lib_a-vfiprintf.o)
 .rodata.__assert_func.str1.4
                0x080091ac       0x3f d:/gcc-arm-none-eabi/bin/../lib/gcc/arm-none-eabi/10.3.1/../../../../arm-none-eabi/lib/thumb/v7e-m/nofp\libc.a(lib_a-assert.o)
                                 0x43 (size before relaxing)
 *fill*         0x080091eb        0x1 
 .rodata._setlocale_r.str1.4
                0x080091ec        0xa d:/gcc-arm-none-eabi/bin/../lib/gcc/arm-none-eabi/10.3.1/../../../../arm-none-eabi/lib/thumb/v7e-m/nofp\libc.a(lib_a-locale.o)
                                  0xd (size before relaxing)
 *fill*         0x080091f6        0x2 
 .rodata.str1.4
                0x080091f8        0x2 d:/gcc-arm-none-eabi/bin/../lib/gcc/arm-none-eabi/10.3.1/../../../../arm-none-eabi/lib/thumb/v7e-m/nofp\libc.a(lib_a-locale.o)
 *fill*         0x080091fa        0x2 
 .rodata._ctype_
                0x080091fc      0x101 d:/gcc-arm-none-eabi/bin/../lib/gcc/arm-none-eabi/10.3.1/../../../../arm-none-eabi/lib/thumb/v7e-m/nofp\libc.a(lib_a-ctype_.o)
                0x080091fc                _ctype_
                0x08009300                . = ALIGN (0x4)
 *fill*         0x080092fd        0x3 

.ARM.extab      0x08009300        0x0
                0x08009300                . = ALIGN (0x4)
 *(.ARM.extab* .gnu.linkonce.armextab.*)
                0x08009300                . = ALIGN (0x4)

.ARM            0x08009300        0x8
                0x08009300                . = ALIGN (0x4)
                0x08009300                __exidx_start = .
 *(.ARM.exidx*)
 .ARM.exidx     0x08009300        0x8 d:/gcc-arm-none-eabi/bin/../lib/gcc/arm-none-eabi/10.3.1/thumb/v7e-m/nofp\libgcc.a(_udivmoddi4.o)
                0x08009308                __exidx_end = .
                0x08009308                . = ALIGN (0x4)

.rel.dyn        0x08009308        0x0
 .rel.iplt      0x08009308        0x0 d:/gcc-arm-none-eabi/bin/../lib/gcc/arm-none-eabi/10.3.1/thumb/v7e-m/nofp/crtbegin.o

.preinit_array  0x08009308        0x0
                0x08009308                . = ALIGN (0x4)
                0x08009308                PROVIDE (__preinit_array_start = .)
 *(.preinit_array*)
                0x08009308                PROVIDE (__preinit_array_end = .)
                0x08009308                . = ALIGN (0x4)

.init_array     0x08009308        0x8
                0x08009308                . = ALIGN (0x4)
                0x08009308                PROVIDE (__init_array_start = .)
 *(SORT_BY_NAME(.init_array.*))
 .init_array.00000
                0x08009308        0x4 d:/gcc-arm-none-eabi/bin/../lib/gcc/arm-none-eabi/10.3.1/../../../../arm-none-eabi/lib/thumb/v7e-m/nofp\libc.a(lib_a-__call_atexit.o)
 *(.init_array*)
 .init_array    0x0800930c        0x4 d:/gcc-arm-none-eabi/bin/../lib/gcc/arm-none-eabi/10.3.1/thumb/v7e-m/nofp/crtbegin.o
                0x08009310                PROVIDE (__init_array_end = .)
                0x08009310                . = ALIGN (0x4)

.fini_array     0x08009310        0x4
                0x08009310                . = ALIGN (0x4)
                0x08009310                PROVIDE (__fini_array_start = .)
 *(SORT_BY_NAME(.fini_array.*))
 *(.fini_array*)
 .fini_array    0x08009310        0x4 d:/gcc-arm-none-eabi/bin/../lib/gcc/arm-none-eabi/10.3.1/thumb/v7e-m/nofp/crtbegin.o
                0x08009314                PROVIDE (__fini_array_end = .)
                0x08009314                . = ALIGN (0x4)
                0x08009314                _sidata = LOADADDR (.data)

.data           0x20000000      0x9b8 load address 0x08009314
                0x20000000                . = ALIGN (0x4)
                0x20000000                _sdata = .
 *(.data)
 *(.data*)
 .data.SystemCoreClock
                0x20000000        0x4 CMakeFiles/step_motor.elf.dir/Core/Src/system_stm32f4xx.c.obj
                0x20000000                SystemCoreClock
 .data.uwTickFreq
                0x20000004        0x1 CMakeFiles/step_motor.elf.dir/Drivers/STM32F4xx_HAL_Driver/Src/stm32f4xx_hal.c.obj
                0x20000004                uwTickFreq
 *fill*         0x20000005        0x3 
 .data.uwTickPrio
                0x20000008        0x4 CMakeFiles/step_motor.elf.dir/Drivers/STM32F4xx_HAL_Driver/Src/stm32f4xx_hal.c.obj
                0x20000008                uwTickPrio
 .data._impure_ptr
                0x2000000c        0x4 d:/gcc-arm-none-eabi/bin/../lib/gcc/arm-none-eabi/10.3.1/../../../../arm-none-eabi/lib/thumb/v7e-m/nofp\libc.a(lib_a-impure.o)
                0x2000000c                _impure_ptr
 .data.impure_data
                0x20000010      0x428 d:/gcc-arm-none-eabi/bin/../lib/gcc/arm-none-eabi/10.3.1/../../../../arm-none-eabi/lib/thumb/v7e-m/nofp\libc.a(lib_a-impure.o)
 .data.__atexit_recursive_mutex
                0x20000438        0x4 d:/gcc-arm-none-eabi/bin/../lib/gcc/arm-none-eabi/10.3.1/../../../../arm-none-eabi/lib/thumb/v7e-m/nofp\libc.a(lib_a-__call_atexit.o)
                0x20000438                __atexit_recursive_mutex
 .data.__malloc_av_
                0x2000043c      0x408 d:/gcc-arm-none-eabi/bin/../lib/gcc/arm-none-eabi/10.3.1/../../../../arm-none-eabi/lib/thumb/v7e-m/nofp\libc.a(lib_a-mallocr.o)
                0x2000043c                __malloc_av_
 .data.__malloc_sbrk_base
                0x20000844        0x4 d:/gcc-arm-none-eabi/bin/../lib/gcc/arm-none-eabi/10.3.1/../../../../arm-none-eabi/lib/thumb/v7e-m/nofp\libc.a(lib_a-mallocr.o)
                0x20000844                __malloc_sbrk_base
 .data.__malloc_trim_threshold
                0x20000848        0x4 d:/gcc-arm-none-eabi/bin/../lib/gcc/arm-none-eabi/10.3.1/../../../../arm-none-eabi/lib/thumb/v7e-m/nofp\libc.a(lib_a-mallocr.o)
                0x20000848                __malloc_trim_threshold
 .data.__global_locale
                0x2000084c      0x16c d:/gcc-arm-none-eabi/bin/../lib/gcc/arm-none-eabi/10.3.1/../../../../arm-none-eabi/lib/thumb/v7e-m/nofp\libc.a(lib_a-locale.o)
                0x2000084c                __global_locale
 *(.RamFunc)
 *(.RamFunc*)
                0x200009b8                . = ALIGN (0x4)
                0x200009b8                _edata = .
                0x08009ccc                _siccmram = LOADADDR (.ccmram)

.igot.plt       0x200009b8        0x0 load address 0x08009ccc
 .igot.plt      0x200009b8        0x0 d:/gcc-arm-none-eabi/bin/../lib/gcc/arm-none-eabi/10.3.1/thumb/v7e-m/nofp/crtbegin.o

.ccmram         0x10000000        0x0 load address 0x08009ccc
                0x10000000                . = ALIGN (0x4)
                0x10000000                _sccmram = .
 *(.ccmram)
 *(.ccmram*)
                0x10000000                . = ALIGN (0x4)
                0x10000000                _eccmram = .
                0x10000000                . = ALIGN (0x4)

.bss            0x200009b8      0x140
                0x200009b8                _sbss = .
                0x200009b8                __bss_start__ = _sbss
 *(.bss)
 .bss           0x200009b8       0x1c d:/gcc-arm-none-eabi/bin/../lib/gcc/arm-none-eabi/10.3.1/thumb/v7e-m/nofp/crtbegin.o
 *(.bss*)
 .bss.gHuart    0x200009d4        0x4 CMakeFiles/step_motor.elf.dir/Core/Src/retarget.c.obj
                0x200009d4                gHuart
 .bss.motor1    0x200009d8       0x18 CMakeFiles/step_motor.elf.dir/Core/Src/step_motor.c.obj
                0x200009d8                motor1
 .bss.motor2    0x200009f0       0x18 CMakeFiles/step_motor.elf.dir/Core/Src/step_motor.c.obj
                0x200009f0                motor2
 .bss.__sbrk_heap_end
                0x20000a08        0x4 CMakeFiles/step_motor.elf.dir/Core/Src/sysmem.c.obj
 .bss.huart4    0x20000a0c       0x48 CMakeFiles/step_motor.elf.dir/Core/Src/usart.c.obj
                0x20000a0c                huart4
 .bss.huart5    0x20000a54       0x48 CMakeFiles/step_motor.elf.dir/Core/Src/usart.c.obj
                0x20000a54                huart5
 .bss.motor_data
                0x20000a9c        0x8 CMakeFiles/step_motor.elf.dir/Core/Src/usart.c.obj
                0x20000a9c                motor_data
 .bss.motor_data_buff
                0x20000aa4        0x1 CMakeFiles/step_motor.elf.dir/Core/Src/usart.c.obj
                0x20000aa4                motor_data_buff
 *fill*         0x20000aa5        0x3 
 .bss.n.0       0x20000aa8        0x4 CMakeFiles/step_motor.elf.dir/Core/Src/usart.c.obj
 .bss.uwTick    0x20000aac        0x4 CMakeFiles/step_motor.elf.dir/Drivers/STM32F4xx_HAL_Driver/Src/stm32f4xx_hal.c.obj
                0x20000aac                uwTick
 .bss.__lock___atexit_recursive_mutex
                0x20000ab0        0x1 d:/gcc-arm-none-eabi/bin/../lib/gcc/arm-none-eabi/10.3.1/../../../../arm-none-eabi/lib/thumb/v7e-m/nofp\libc.a(lib_a-lock.o)
                0x20000ab0                __lock___atexit_recursive_mutex
 *fill*         0x20000ab1        0x3 
 .bss.__lock___malloc_recursive_mutex
                0x20000ab4        0x1 d:/gcc-arm-none-eabi/bin/../lib/gcc/arm-none-eabi/10.3.1/../../../../arm-none-eabi/lib/thumb/v7e-m/nofp\libc.a(lib_a-lock.o)
                0x20000ab4                __lock___malloc_recursive_mutex
 *fill*         0x20000ab5        0x3 
 .bss.__lock___sfp_recursive_mutex
                0x20000ab8        0x1 d:/gcc-arm-none-eabi/bin/../lib/gcc/arm-none-eabi/10.3.1/../../../../arm-none-eabi/lib/thumb/v7e-m/nofp\libc.a(lib_a-lock.o)
                0x20000ab8                __lock___sfp_recursive_mutex
 *fill*         0x20000ab9        0x3 
 .bss.__lock___sinit_recursive_mutex
                0x20000abc        0x1 d:/gcc-arm-none-eabi/bin/../lib/gcc/arm-none-eabi/10.3.1/../../../../arm-none-eabi/lib/thumb/v7e-m/nofp\libc.a(lib_a-lock.o)
                0x20000abc                __lock___sinit_recursive_mutex
 *fill*         0x20000abd        0x3 
 .bss.__malloc_current_mallinfo
                0x20000ac0       0x28 d:/gcc-arm-none-eabi/bin/../lib/gcc/arm-none-eabi/10.3.1/../../../../arm-none-eabi/lib/thumb/v7e-m/nofp\libc.a(lib_a-mallocr.o)
                0x20000ac0                __malloc_current_mallinfo
 .bss.__malloc_max_sbrked_mem
                0x20000ae8        0x4 d:/gcc-arm-none-eabi/bin/../lib/gcc/arm-none-eabi/10.3.1/../../../../arm-none-eabi/lib/thumb/v7e-m/nofp\libc.a(lib_a-mallocr.o)
                0x20000ae8                __malloc_max_sbrked_mem
 .bss.__malloc_max_total_mem
                0x20000aec        0x4 d:/gcc-arm-none-eabi/bin/../lib/gcc/arm-none-eabi/10.3.1/../../../../arm-none-eabi/lib/thumb/v7e-m/nofp\libc.a(lib_a-mallocr.o)
                0x20000aec                __malloc_max_total_mem
 .bss.__malloc_top_pad
                0x20000af0        0x4 d:/gcc-arm-none-eabi/bin/../lib/gcc/arm-none-eabi/10.3.1/../../../../arm-none-eabi/lib/thumb/v7e-m/nofp\libc.a(lib_a-mallocr.o)
                0x20000af0                __malloc_top_pad
 .bss.errno     0x20000af4        0x4 d:/gcc-arm-none-eabi/bin/../lib/gcc/arm-none-eabi/10.3.1/../../../../arm-none-eabi/lib/thumb/v7e-m/nofp\libc.a(lib_a-reent.o)
                0x20000af4                errno
 *(COMMON)
                0x20000af8                . = ALIGN (0x4)
                0x20000af8                _ebss = .
                0x20000af8                __bss_end__ = _ebss

._user_heap_stack
                0x20000af8      0x600
                0x20000af8                . = ALIGN (0x8)
                [!provide]                PROVIDE (end = .)
                0x20000af8                PROVIDE (_end = .)
                0x20000cf8                . = (. + _Min_Heap_Size)
 *fill*         0x20000af8      0x200 
                0x200010f8                . = (. + _Min_Stack_Size)
 *fill*         0x20000cf8      0x400 
                0x200010f8                . = ALIGN (0x8)

/DISCARD/
 libc.a(*)
 libm.a(*)
 libgcc.a(*)

.ARM.attributes
                0x00000000       0x2a
 *(.ARM.attributes)
 .ARM.attributes
                0x00000000       0x1e d:/gcc-arm-none-eabi/bin/../lib/gcc/arm-none-eabi/10.3.1/thumb/v7e-m/nofp/crti.o
 .ARM.attributes
                0x0000001e       0x2e d:/gcc-arm-none-eabi/bin/../lib/gcc/arm-none-eabi/10.3.1/thumb/v7e-m/nofp/crtbegin.o
 .ARM.attributes
                0x0000004c       0x2e CMakeFiles/step_motor.elf.dir/Core/Src/gpio.c.obj
 .ARM.attributes
                0x0000007a       0x2e CMakeFiles/step_motor.elf.dir/Core/Src/main.c.obj
 .ARM.attributes
                0x000000a8       0x2e CMakeFiles/step_motor.elf.dir/Core/Src/retarget.c.obj
 .ARM.attributes
                0x000000d6       0x2e CMakeFiles/step_motor.elf.dir/Core/Src/step_motor.c.obj
 .ARM.attributes
                0x00000104       0x2e CMakeFiles/step_motor.elf.dir/Core/Src/stm32f4xx_hal_msp.c.obj
 .ARM.attributes
                0x00000132       0x2e CMakeFiles/step_motor.elf.dir/Core/Src/stm32f4xx_it.c.obj
 .ARM.attributes
                0x00000160       0x2e CMakeFiles/step_motor.elf.dir/Core/Src/syscalls.c.obj
 .ARM.attributes
                0x0000018e       0x2e CMakeFiles/step_motor.elf.dir/Core/Src/sysmem.c.obj
 .ARM.attributes
                0x000001bc       0x2e CMakeFiles/step_motor.elf.dir/Core/Src/system_stm32f4xx.c.obj
 .ARM.attributes
                0x000001ea       0x2e CMakeFiles/step_motor.elf.dir/Core/Src/usart.c.obj
 .ARM.attributes
                0x00000218       0x21 CMakeFiles/step_motor.elf.dir/Core/Startup/startup_stm32f407vetx.s.obj
 .ARM.attributes
                0x00000239       0x2e CMakeFiles/step_motor.elf.dir/Drivers/STM32F4xx_HAL_Driver/Src/stm32f4xx_hal.c.obj
 .ARM.attributes
                0x00000267       0x2e CMakeFiles/step_motor.elf.dir/Drivers/STM32F4xx_HAL_Driver/Src/stm32f4xx_hal_cortex.c.obj
 .ARM.attributes
                0x00000295       0x2e CMakeFiles/step_motor.elf.dir/Drivers/STM32F4xx_HAL_Driver/Src/stm32f4xx_hal_dma.c.obj
 .ARM.attributes
                0x000002c3       0x2e CMakeFiles/step_motor.elf.dir/Drivers/STM32F4xx_HAL_Driver/Src/stm32f4xx_hal_gpio.c.obj
 .ARM.attributes
                0x000002f1       0x2e CMakeFiles/step_motor.elf.dir/Drivers/STM32F4xx_HAL_Driver/Src/stm32f4xx_hal_rcc.c.obj
 .ARM.attributes
                0x0000031f       0x2e CMakeFiles/step_motor.elf.dir/Drivers/STM32F4xx_HAL_Driver/Src/stm32f4xx_hal_uart.c.obj
 .ARM.attributes
                0x0000034d       0x1e d:/gcc-arm-none-eabi/bin/../lib/gcc/arm-none-eabi/10.3.1/thumb/v7e-m/nofp\libgcc.a(_arm_addsubdf3.o)
 .ARM.attributes
                0x0000036b       0x1e d:/gcc-arm-none-eabi/bin/../lib/gcc/arm-none-eabi/10.3.1/thumb/v7e-m/nofp\libgcc.a(_arm_muldivdf3.o)
 .ARM.attributes
                0x00000389       0x1e d:/gcc-arm-none-eabi/bin/../lib/gcc/arm-none-eabi/10.3.1/thumb/v7e-m/nofp\libgcc.a(_aeabi_uldivmod.o)
 .ARM.attributes
                0x000003a7       0x2e d:/gcc-arm-none-eabi/bin/../lib/gcc/arm-none-eabi/10.3.1/thumb/v7e-m/nofp\libgcc.a(_udivmoddi4.o)
 .ARM.attributes
                0x000003d5       0x1e d:/gcc-arm-none-eabi/bin/../lib/gcc/arm-none-eabi/10.3.1/thumb/v7e-m/nofp\libgcc.a(_dvmd_tls.o)
 .ARM.attributes
                0x000003f3       0x2e d:/gcc-arm-none-eabi/bin/../lib/gcc/arm-none-eabi/10.3.1/../../../../arm-none-eabi/lib/thumb/v7e-m/nofp\libc.a(lib_a-errno.o)
 .ARM.attributes
                0x00000421       0x2e d:/gcc-arm-none-eabi/bin/../lib/gcc/arm-none-eabi/10.3.1/../../../../arm-none-eabi/lib/thumb/v7e-m/nofp\libc.a(lib_a-impure.o)
 .ARM.attributes
                0x0000044f       0x2e d:/gcc-arm-none-eabi/bin/../lib/gcc/arm-none-eabi/10.3.1/../../../../arm-none-eabi/lib/thumb/v7e-m/nofp\libc.a(lib_a-init.o)
 .ARM.attributes
                0x0000047d       0x2e d:/gcc-arm-none-eabi/bin/../lib/gcc/arm-none-eabi/10.3.1/../../../../arm-none-eabi/lib/thumb/v7e-m/nofp\libc.a(lib_a-memset.o)
 .ARM.attributes
                0x000004ab       0x2e d:/gcc-arm-none-eabi/bin/../lib/gcc/arm-none-eabi/10.3.1/../../../../arm-none-eabi/lib/thumb/v7e-m/nofp\libc.a(lib_a-printf.o)
 .ARM.attributes
                0x000004d9       0x2e d:/gcc-arm-none-eabi/bin/../lib/gcc/arm-none-eabi/10.3.1/../../../../arm-none-eabi/lib/thumb/v7e-m/nofp\libc.a(lib_a-puts.o)
 .ARM.attributes
                0x00000507       0x2e d:/gcc-arm-none-eabi/bin/../lib/gcc/arm-none-eabi/10.3.1/../../../../arm-none-eabi/lib/thumb/v7e-m/nofp\libc.a(lib_a-setvbuf.o)
 .ARM.attributes
                0x00000535       0x1c d:/gcc-arm-none-eabi/bin/../lib/gcc/arm-none-eabi/10.3.1/../../../../arm-none-eabi/lib/thumb/v7e-m/nofp\libc.a(lib_a-strlen.o)
 .ARM.attributes
                0x00000551       0x2e d:/gcc-arm-none-eabi/bin/../lib/gcc/arm-none-eabi/10.3.1/../../../../arm-none-eabi/lib/thumb/v7e-m/nofp\libc.a(lib_a-vfprintf.o)
 .ARM.attributes
                0x0000057f       0x2e d:/gcc-arm-none-eabi/bin/../lib/gcc/arm-none-eabi/10.3.1/../../../../arm-none-eabi/lib/thumb/v7e-m/nofp\libc.a(lib_a-wsetup.o)
 .ARM.attributes
                0x000005ad       0x2e d:/gcc-arm-none-eabi/bin/../lib/gcc/arm-none-eabi/10.3.1/../../../../arm-none-eabi/lib/thumb/v7e-m/nofp\libc.a(lib_a-__call_atexit.o)
 .ARM.attributes
                0x000005db       0x2e d:/gcc-arm-none-eabi/bin/../lib/gcc/arm-none-eabi/10.3.1/../../../../arm-none-eabi/lib/thumb/v7e-m/nofp\libc.a(lib_a-atexit.o)
 .ARM.attributes
                0x00000609       0x2e d:/gcc-arm-none-eabi/bin/../lib/gcc/arm-none-eabi/10.3.1/../../../../arm-none-eabi/lib/thumb/v7e-m/nofp\libc.a(lib_a-dtoa.o)
 .ARM.attributes
                0x00000637       0x2e d:/gcc-arm-none-eabi/bin/../lib/gcc/arm-none-eabi/10.3.1/../../../../arm-none-eabi/lib/thumb/v7e-m/nofp\libc.a(lib_a-fflush.o)
 .ARM.attributes
                0x00000665       0x2e d:/gcc-arm-none-eabi/bin/../lib/gcc/arm-none-eabi/10.3.1/../../../../arm-none-eabi/lib/thumb/v7e-m/nofp\libc.a(lib_a-findfp.o)
 .ARM.attributes
                0x00000693       0x2e d:/gcc-arm-none-eabi/bin/../lib/gcc/arm-none-eabi/10.3.1/../../../../arm-none-eabi/lib/thumb/v7e-m/nofp\libc.a(lib_a-fini.o)
 .ARM.attributes
                0x000006c1       0x2e d:/gcc-arm-none-eabi/bin/../lib/gcc/arm-none-eabi/10.3.1/../../../../arm-none-eabi/lib/thumb/v7e-m/nofp\libc.a(lib_a-freer.o)
 .ARM.attributes
                0x000006ef       0x2e d:/gcc-arm-none-eabi/bin/../lib/gcc/arm-none-eabi/10.3.1/../../../../arm-none-eabi/lib/thumb/v7e-m/nofp\libc.a(lib_a-fvwrite.o)
 .ARM.attributes
                0x0000071d       0x2e d:/gcc-arm-none-eabi/bin/../lib/gcc/arm-none-eabi/10.3.1/../../../../arm-none-eabi/lib/thumb/v7e-m/nofp\libc.a(lib_a-fwalk.o)
 .ARM.attributes
                0x0000074b       0x2e d:/gcc-arm-none-eabi/bin/../lib/gcc/arm-none-eabi/10.3.1/../../../../arm-none-eabi/lib/thumb/v7e-m/nofp\libc.a(lib_a-localeconv.o)
 .ARM.attributes
                0x00000779       0x2e d:/gcc-arm-none-eabi/bin/../lib/gcc/arm-none-eabi/10.3.1/../../../../arm-none-eabi/lib/thumb/v7e-m/nofp\libc.a(lib_a-lock.o)
 .ARM.attributes
                0x000007a7       0x2e d:/gcc-arm-none-eabi/bin/../lib/gcc/arm-none-eabi/10.3.1/../../../../arm-none-eabi/lib/thumb/v7e-m/nofp\libc.a(lib_a-makebuf.o)
 .ARM.attributes
                0x000007d5       0x2e d:/gcc-arm-none-eabi/bin/../lib/gcc/arm-none-eabi/10.3.1/../../../../arm-none-eabi/lib/thumb/v7e-m/nofp\libc.a(lib_a-malloc.o)
 .ARM.attributes
                0x00000803       0x2e d:/gcc-arm-none-eabi/bin/../lib/gcc/arm-none-eabi/10.3.1/../../../../arm-none-eabi/lib/thumb/v7e-m/nofp\libc.a(lib_a-mallocr.o)
 .ARM.attributes
                0x00000831       0x1c d:/gcc-arm-none-eabi/bin/../lib/gcc/arm-none-eabi/10.3.1/../../../../arm-none-eabi/lib/thumb/v7e-m/nofp\libc.a(lib_a-memchr.o)
 .ARM.attributes
                0x0000084d       0x1c d:/gcc-arm-none-eabi/bin/../lib/gcc/arm-none-eabi/10.3.1/../../../../arm-none-eabi/lib/thumb/v7e-m/nofp\libc.a(lib_a-memcpy.o)
 .ARM.attributes
                0x00000869       0x2e d:/gcc-arm-none-eabi/bin/../lib/gcc/arm-none-eabi/10.3.1/../../../../arm-none-eabi/lib/thumb/v7e-m/nofp\libc.a(lib_a-memmove.o)
 .ARM.attributes
                0x00000897       0x2e d:/gcc-arm-none-eabi/bin/../lib/gcc/arm-none-eabi/10.3.1/../../../../arm-none-eabi/lib/thumb/v7e-m/nofp\libc.a(lib_a-mlock.o)
 .ARM.attributes
                0x000008c5       0x2e d:/gcc-arm-none-eabi/bin/../lib/gcc/arm-none-eabi/10.3.1/../../../../arm-none-eabi/lib/thumb/v7e-m/nofp\libc.a(lib_a-mprec.o)
 .ARM.attributes
                0x000008f3       0x2e d:/gcc-arm-none-eabi/bin/../lib/gcc/arm-none-eabi/10.3.1/../../../../arm-none-eabi/lib/thumb/v7e-m/nofp\libc.a(lib_a-reallocr.o)
 .ARM.attributes
                0x00000921       0x2e d:/gcc-arm-none-eabi/bin/../lib/gcc/arm-none-eabi/10.3.1/../../../../arm-none-eabi/lib/thumb/v7e-m/nofp\libc.a(lib_a-s_frexp.o)
 .ARM.attributes
                0x0000094f       0x2e d:/gcc-arm-none-eabi/bin/../lib/gcc/arm-none-eabi/10.3.1/../../../../arm-none-eabi/lib/thumb/v7e-m/nofp\libc.a(lib_a-sbrkr.o)
 .ARM.attributes
                0x0000097d       0x2e d:/gcc-arm-none-eabi/bin/../lib/gcc/arm-none-eabi/10.3.1/../../../../arm-none-eabi/lib/thumb/v7e-m/nofp\libc.a(lib_a-stdio.o)
 .ARM.attributes
                0x000009ab       0x2e d:/gcc-arm-none-eabi/bin/../lib/gcc/arm-none-eabi/10.3.1/../../../../arm-none-eabi/lib/thumb/v7e-m/nofp\libc.a(lib_a-strncpy.o)
 .ARM.attributes
                0x000009d9       0x2e d:/gcc-arm-none-eabi/bin/../lib/gcc/arm-none-eabi/10.3.1/../../../../arm-none-eabi/lib/thumb/v7e-m/nofp\libc.a(lib_a-vfiprintf.o)
 .ARM.attributes
                0x00000a07       0x2e d:/gcc-arm-none-eabi/bin/../lib/gcc/arm-none-eabi/10.3.1/../../../../arm-none-eabi/lib/thumb/v7e-m/nofp\libc.a(lib_a-writer.o)
 .ARM.attributes
                0x00000a35       0x2e d:/gcc-arm-none-eabi/bin/../lib/gcc/arm-none-eabi/10.3.1/../../../../arm-none-eabi/lib/thumb/v7e-m/nofp\libc.a(lib_a-__atexit.o)
 .ARM.attributes
                0x00000a63       0x2e d:/gcc-arm-none-eabi/bin/../lib/gcc/arm-none-eabi/10.3.1/../../../../arm-none-eabi/lib/thumb/v7e-m/nofp\libc.a(lib_a-assert.o)
 .ARM.attributes
                0x00000a91       0x2e d:/gcc-arm-none-eabi/bin/../lib/gcc/arm-none-eabi/10.3.1/../../../../arm-none-eabi/lib/thumb/v7e-m/nofp\libc.a(lib_a-callocr.o)
 .ARM.attributes
                0x00000abf       0x2e d:/gcc-arm-none-eabi/bin/../lib/gcc/arm-none-eabi/10.3.1/../../../../arm-none-eabi/lib/thumb/v7e-m/nofp\libc.a(lib_a-closer.o)
 .ARM.attributes
                0x00000aed       0x2e d:/gcc-arm-none-eabi/bin/../lib/gcc/arm-none-eabi/10.3.1/../../../../arm-none-eabi/lib/thumb/v7e-m/nofp\libc.a(lib_a-fclose.o)
 .ARM.attributes
                0x00000b1b       0x2e d:/gcc-arm-none-eabi/bin/../lib/gcc/arm-none-eabi/10.3.1/../../../../arm-none-eabi/lib/thumb/v7e-m/nofp\libc.a(lib_a-fiprintf.o)
 .ARM.attributes
                0x00000b49       0x2e d:/gcc-arm-none-eabi/bin/../lib/gcc/arm-none-eabi/10.3.1/../../../../arm-none-eabi/lib/thumb/v7e-m/nofp\libc.a(lib_a-fputwc.o)
 .ARM.attributes
                0x00000b77       0x2e d:/gcc-arm-none-eabi/bin/../lib/gcc/arm-none-eabi/10.3.1/../../../../arm-none-eabi/lib/thumb/v7e-m/nofp\libc.a(lib_a-fstatr.o)
 .ARM.attributes
                0x00000ba5       0x2e d:/gcc-arm-none-eabi/bin/../lib/gcc/arm-none-eabi/10.3.1/../../../../arm-none-eabi/lib/thumb/v7e-m/nofp\libc.a(lib_a-isattyr.o)
 .ARM.attributes
                0x00000bd3       0x2e d:/gcc-arm-none-eabi/bin/../lib/gcc/arm-none-eabi/10.3.1/../../../../arm-none-eabi/lib/thumb/v7e-m/nofp\libc.a(lib_a-locale.o)
 .ARM.attributes
                0x00000c01       0x2e d:/gcc-arm-none-eabi/bin/../lib/gcc/arm-none-eabi/10.3.1/../../../../arm-none-eabi/lib/thumb/v7e-m/nofp\libc.a(lib_a-lseekr.o)
 .ARM.attributes
                0x00000c2f       0x2e d:/gcc-arm-none-eabi/bin/../lib/gcc/arm-none-eabi/10.3.1/../../../../arm-none-eabi/lib/thumb/v7e-m/nofp\libc.a(lib_a-mbtowc_r.o)
 .ARM.attributes
                0x00000c5d       0x2e d:/gcc-arm-none-eabi/bin/../lib/gcc/arm-none-eabi/10.3.1/../../../../arm-none-eabi/lib/thumb/v7e-m/nofp\libc.a(lib_a-readr.o)
 .ARM.attributes
                0x00000c8b       0x2e d:/gcc-arm-none-eabi/bin/../lib/gcc/arm-none-eabi/10.3.1/../../../../arm-none-eabi/lib/thumb/v7e-m/nofp\libc.a(lib_a-reent.o)
 .ARM.attributes
                0x00000cb9       0x2e d:/gcc-arm-none-eabi/bin/../lib/gcc/arm-none-eabi/10.3.1/../../../../arm-none-eabi/lib/thumb/v7e-m/nofp\libc.a(lib_a-wbuf.o)
 .ARM.attributes
                0x00000ce7       0x2e d:/gcc-arm-none-eabi/bin/../lib/gcc/arm-none-eabi/10.3.1/../../../../arm-none-eabi/lib/thumb/v7e-m/nofp\libc.a(lib_a-wcrtomb.o)
 .ARM.attributes
                0x00000d15       0x2e d:/gcc-arm-none-eabi/bin/../lib/gcc/arm-none-eabi/10.3.1/../../../../arm-none-eabi/lib/thumb/v7e-m/nofp\libc.a(lib_a-wctomb_r.o)
 .ARM.attributes
                0x00000d43       0x2e d:/gcc-arm-none-eabi/bin/../lib/gcc/arm-none-eabi/10.3.1/../../../../arm-none-eabi/lib/thumb/v7e-m/nofp\libc.a(lib_a-abort.o)
 .ARM.attributes
                0x00000d71       0x2e d:/gcc-arm-none-eabi/bin/../lib/gcc/arm-none-eabi/10.3.1/../../../../arm-none-eabi/lib/thumb/v7e-m/nofp\libc.a(lib_a-ctype_.o)
 .ARM.attributes
                0x00000d9f       0x2e d:/gcc-arm-none-eabi/bin/../lib/gcc/arm-none-eabi/10.3.1/../../../../arm-none-eabi/lib/thumb/v7e-m/nofp\libc.a(lib_a-signal.o)
 .ARM.attributes
                0x00000dcd       0x2e d:/gcc-arm-none-eabi/bin/../lib/gcc/arm-none-eabi/10.3.1/../../../../arm-none-eabi/lib/thumb/v7e-m/nofp\libc.a(lib_a-signalr.o)
 .ARM.attributes
                0x00000dfb       0x1e d:/gcc-arm-none-eabi/bin/../lib/gcc/arm-none-eabi/10.3.1/thumb/v7e-m/nofp\libgcc.a(_arm_cmpdf2.o)
 .ARM.attributes
                0x00000e19       0x1e d:/gcc-arm-none-eabi/bin/../lib/gcc/arm-none-eabi/10.3.1/thumb/v7e-m/nofp\libgcc.a(_arm_unorddf2.o)
 .ARM.attributes
                0x00000e37       0x1e d:/gcc-arm-none-eabi/bin/../lib/gcc/arm-none-eabi/10.3.1/thumb/v7e-m/nofp\libgcc.a(_arm_fixdfsi.o)
 .ARM.attributes
                0x00000e55       0x1e d:/gcc-arm-none-eabi/bin/../lib/gcc/arm-none-eabi/10.3.1/thumb/v7e-m/nofp/crtn.o
OUTPUT(step_motor.elf elf32-littlearm)
LOAD linker stubs
LOAD d:/gcc-arm-none-eabi/bin/../lib/gcc/arm-none-eabi/10.3.1/../../../../arm-none-eabi/lib/thumb/v7e-m/nofp\libc.a
LOAD d:/gcc-arm-none-eabi/bin/../lib/gcc/arm-none-eabi/10.3.1/../../../../arm-none-eabi/lib/thumb/v7e-m/nofp\libm.a
LOAD d:/gcc-arm-none-eabi/bin/../lib/gcc/arm-none-eabi/10.3.1/thumb/v7e-m/nofp\libgcc.a

.debug_info     0x00000000     0xcd1c
 .debug_info    0x00000000      0x2de CMakeFiles/step_motor.elf.dir/Core/Src/gpio.c.obj
 .debug_info    0x000002de      0xcb0 CMakeFiles/step_motor.elf.dir/Core/Src/main.c.obj
 .debug_info    0x00000f8e     0x131d CMakeFiles/step_motor.elf.dir/Core/Src/retarget.c.obj
 .debug_info    0x000022ab      0xb58 CMakeFiles/step_motor.elf.dir/Core/Src/step_motor.c.obj
 .debug_info    0x00002e03      0x2a4 CMakeFiles/step_motor.elf.dir/Core/Src/stm32f4xx_hal_msp.c.obj
 .debug_info    0x000030a7      0x6bf CMakeFiles/step_motor.elf.dir/Core/Src/stm32f4xx_it.c.obj
 .debug_info    0x00003766      0x6ca CMakeFiles/step_motor.elf.dir/Core/Src/syscalls.c.obj
 .debug_info    0x00003e30      0x174 CMakeFiles/step_motor.elf.dir/Core/Src/sysmem.c.obj
 .debug_info    0x00003fa4      0x37d CMakeFiles/step_motor.elf.dir/Core/Src/system_stm32f4xx.c.obj
 .debug_info    0x00004321      0xf8a CMakeFiles/step_motor.elf.dir/Core/Src/usart.c.obj
 .debug_info    0x000052ab       0x22 CMakeFiles/step_motor.elf.dir/Core/Startup/startup_stm32f407vetx.s.obj
 .debug_info    0x000052cd      0x9f0 CMakeFiles/step_motor.elf.dir/Drivers/STM32F4xx_HAL_Driver/Src/stm32f4xx_hal.c.obj
 .debug_info    0x00005cbd     0x10de CMakeFiles/step_motor.elf.dir/Drivers/STM32F4xx_HAL_Driver/Src/stm32f4xx_hal_cortex.c.obj
 .debug_info    0x00006d9b      0xb3f CMakeFiles/step_motor.elf.dir/Drivers/STM32F4xx_HAL_Driver/Src/stm32f4xx_hal_dma.c.obj
 .debug_info    0x000078da      0x7b0 CMakeFiles/step_motor.elf.dir/Drivers/STM32F4xx_HAL_Driver/Src/stm32f4xx_hal_gpio.c.obj
 .debug_info    0x0000808a      0xb03 CMakeFiles/step_motor.elf.dir/Drivers/STM32F4xx_HAL_Driver/Src/stm32f4xx_hal_rcc.c.obj
 .debug_info    0x00008b8d     0x418f CMakeFiles/step_motor.elf.dir/Drivers/STM32F4xx_HAL_Driver/Src/stm32f4xx_hal_uart.c.obj

.debug_abbrev   0x00000000     0x1f65
 .debug_abbrev  0x00000000       0xd1 CMakeFiles/step_motor.elf.dir/Core/Src/gpio.c.obj
 .debug_abbrev  0x000000d1      0x20d CMakeFiles/step_motor.elf.dir/Core/Src/main.c.obj
 .debug_abbrev  0x000002de      0x2b4 CMakeFiles/step_motor.elf.dir/Core/Src/retarget.c.obj
 .debug_abbrev  0x00000592      0x231 CMakeFiles/step_motor.elf.dir/Core/Src/step_motor.c.obj
 .debug_abbrev  0x000007c3       0xd1 CMakeFiles/step_motor.elf.dir/Core/Src/stm32f4xx_hal_msp.c.obj
 .debug_abbrev  0x00000894      0x16e CMakeFiles/step_motor.elf.dir/Core/Src/stm32f4xx_it.c.obj
 .debug_abbrev  0x00000a02      0x1a3 CMakeFiles/step_motor.elf.dir/Core/Src/syscalls.c.obj
 .debug_abbrev  0x00000ba5       0xe7 CMakeFiles/step_motor.elf.dir/Core/Src/sysmem.c.obj
 .debug_abbrev  0x00000c8c      0x119 CMakeFiles/step_motor.elf.dir/Core/Src/system_stm32f4xx.c.obj
 .debug_abbrev  0x00000da5      0x20f CMakeFiles/step_motor.elf.dir/Core/Src/usart.c.obj
 .debug_abbrev  0x00000fb4       0x12 CMakeFiles/step_motor.elf.dir/Core/Startup/startup_stm32f407vetx.s.obj
 .debug_abbrev  0x00000fc6      0x206 CMakeFiles/step_motor.elf.dir/Drivers/STM32F4xx_HAL_Driver/Src/stm32f4xx_hal.c.obj
 .debug_abbrev  0x000011cc      0x361 CMakeFiles/step_motor.elf.dir/Drivers/STM32F4xx_HAL_Driver/Src/stm32f4xx_hal_cortex.c.obj
 .debug_abbrev  0x0000152d      0x2c2 CMakeFiles/step_motor.elf.dir/Drivers/STM32F4xx_HAL_Driver/Src/stm32f4xx_hal_dma.c.obj
 .debug_abbrev  0x000017ef      0x1ef CMakeFiles/step_motor.elf.dir/Drivers/STM32F4xx_HAL_Driver/Src/stm32f4xx_hal_gpio.c.obj
 .debug_abbrev  0x000019de      0x28a CMakeFiles/step_motor.elf.dir/Drivers/STM32F4xx_HAL_Driver/Src/stm32f4xx_hal_rcc.c.obj
 .debug_abbrev  0x00001c68      0x2fd CMakeFiles/step_motor.elf.dir/Drivers/STM32F4xx_HAL_Driver/Src/stm32f4xx_hal_uart.c.obj

.debug_aranges  0x00000000      0x7e0
 .debug_aranges
                0x00000000       0x20 CMakeFiles/step_motor.elf.dir/Core/Src/gpio.c.obj
 .debug_aranges
                0x00000020       0x30 CMakeFiles/step_motor.elf.dir/Core/Src/main.c.obj
 .debug_aranges
                0x00000050       0x50 CMakeFiles/step_motor.elf.dir/Core/Src/retarget.c.obj
 .debug_aranges
                0x000000a0       0x50 CMakeFiles/step_motor.elf.dir/Core/Src/step_motor.c.obj
 .debug_aranges
                0x000000f0       0x20 CMakeFiles/step_motor.elf.dir/Core/Src/stm32f4xx_hal_msp.c.obj
 .debug_aranges
                0x00000110       0x70 CMakeFiles/step_motor.elf.dir/Core/Src/stm32f4xx_it.c.obj
 .debug_aranges
                0x00000180       0x88 CMakeFiles/step_motor.elf.dir/Core/Src/syscalls.c.obj
 .debug_aranges
                0x00000208       0x20 CMakeFiles/step_motor.elf.dir/Core/Src/sysmem.c.obj
 .debug_aranges
                0x00000228       0x28 CMakeFiles/step_motor.elf.dir/Core/Src/system_stm32f4xx.c.obj
 .debug_aranges
                0x00000250       0x40 CMakeFiles/step_motor.elf.dir/Core/Src/usart.c.obj
 .debug_aranges
                0x00000290       0x28 CMakeFiles/step_motor.elf.dir/Core/Startup/startup_stm32f407vetx.s.obj
 .debug_aranges
                0x000002b8       0xf0 CMakeFiles/step_motor.elf.dir/Drivers/STM32F4xx_HAL_Driver/Src/stm32f4xx_hal.c.obj
 .debug_aranges
                0x000003a8       0xc0 CMakeFiles/step_motor.elf.dir/Drivers/STM32F4xx_HAL_Driver/Src/stm32f4xx_hal_cortex.c.obj
 .debug_aranges
                0x00000468       0x90 CMakeFiles/step_motor.elf.dir/Drivers/STM32F4xx_HAL_Driver/Src/stm32f4xx_hal_dma.c.obj
 .debug_aranges
                0x000004f8       0x58 CMakeFiles/step_motor.elf.dir/Drivers/STM32F4xx_HAL_Driver/Src/stm32f4xx_hal_gpio.c.obj
 .debug_aranges
                0x00000550       0x88 CMakeFiles/step_motor.elf.dir/Drivers/STM32F4xx_HAL_Driver/Src/stm32f4xx_hal_rcc.c.obj
 .debug_aranges
                0x000005d8      0x208 CMakeFiles/step_motor.elf.dir/Drivers/STM32F4xx_HAL_Driver/Src/stm32f4xx_hal_uart.c.obj

.debug_ranges   0x00000000      0x788
 .debug_ranges  0x00000000       0x10 CMakeFiles/step_motor.elf.dir/Core/Src/gpio.c.obj
 .debug_ranges  0x00000010       0x20 CMakeFiles/step_motor.elf.dir/Core/Src/main.c.obj
 .debug_ranges  0x00000030       0x40 CMakeFiles/step_motor.elf.dir/Core/Src/retarget.c.obj
 .debug_ranges  0x00000070       0x40 CMakeFiles/step_motor.elf.dir/Core/Src/step_motor.c.obj
 .debug_ranges  0x000000b0       0x10 CMakeFiles/step_motor.elf.dir/Core/Src/stm32f4xx_hal_msp.c.obj
 .debug_ranges  0x000000c0       0x60 CMakeFiles/step_motor.elf.dir/Core/Src/stm32f4xx_it.c.obj
 .debug_ranges  0x00000120       0x78 CMakeFiles/step_motor.elf.dir/Core/Src/syscalls.c.obj
 .debug_ranges  0x00000198       0x10 CMakeFiles/step_motor.elf.dir/Core/Src/sysmem.c.obj
 .debug_ranges  0x000001a8       0x18 CMakeFiles/step_motor.elf.dir/Core/Src/system_stm32f4xx.c.obj
 .debug_ranges  0x000001c0       0x50 CMakeFiles/step_motor.elf.dir/Core/Src/usart.c.obj
 .debug_ranges  0x00000210       0x20 CMakeFiles/step_motor.elf.dir/Core/Startup/startup_stm32f407vetx.s.obj
 .debug_ranges  0x00000230       0xe0 CMakeFiles/step_motor.elf.dir/Drivers/STM32F4xx_HAL_Driver/Src/stm32f4xx_hal.c.obj
 .debug_ranges  0x00000310      0x110 CMakeFiles/step_motor.elf.dir/Drivers/STM32F4xx_HAL_Driver/Src/stm32f4xx_hal_cortex.c.obj
 .debug_ranges  0x00000420       0x80 CMakeFiles/step_motor.elf.dir/Drivers/STM32F4xx_HAL_Driver/Src/stm32f4xx_hal_dma.c.obj
 .debug_ranges  0x000004a0       0x48 CMakeFiles/step_motor.elf.dir/Drivers/STM32F4xx_HAL_Driver/Src/stm32f4xx_hal_gpio.c.obj
 .debug_ranges  0x000004e8       0x90 CMakeFiles/step_motor.elf.dir/Drivers/STM32F4xx_HAL_Driver/Src/stm32f4xx_hal_rcc.c.obj
 .debug_ranges  0x00000578      0x210 CMakeFiles/step_motor.elf.dir/Drivers/STM32F4xx_HAL_Driver/Src/stm32f4xx_hal_uart.c.obj

.debug_line     0x00000000     0x914f
 .debug_line    0x00000000      0x15b CMakeFiles/step_motor.elf.dir/Core/Src/gpio.c.obj
 .debug_line    0x0000015b      0x43c CMakeFiles/step_motor.elf.dir/Core/Src/main.c.obj
 .debug_line    0x00000597      0x417 CMakeFiles/step_motor.elf.dir/Core/Src/retarget.c.obj
 .debug_line    0x000009ae      0x570 CMakeFiles/step_motor.elf.dir/Core/Src/step_motor.c.obj
 .debug_line    0x00000f1e      0x15d CMakeFiles/step_motor.elf.dir/Core/Src/stm32f4xx_hal_msp.c.obj
 .debug_line    0x0000107b      0x30c CMakeFiles/step_motor.elf.dir/Core/Src/stm32f4xx_it.c.obj
 .debug_line    0x00001387      0x36f CMakeFiles/step_motor.elf.dir/Core/Src/syscalls.c.obj
 .debug_line    0x000016f6      0x187 CMakeFiles/step_motor.elf.dir/Core/Src/sysmem.c.obj
 .debug_line    0x0000187d      0x225 CMakeFiles/step_motor.elf.dir/Core/Src/system_stm32f4xx.c.obj
 .debug_line    0x00001aa2      0x4cb CMakeFiles/step_motor.elf.dir/Core/Src/usart.c.obj
 .debug_line    0x00001f6d       0xa4 CMakeFiles/step_motor.elf.dir/Core/Startup/startup_stm32f407vetx.s.obj
 .debug_line    0x00002011      0x5a5 CMakeFiles/step_motor.elf.dir/Drivers/STM32F4xx_HAL_Driver/Src/stm32f4xx_hal.c.obj
 .debug_line    0x000025b6      0x7ec CMakeFiles/step_motor.elf.dir/Drivers/STM32F4xx_HAL_Driver/Src/stm32f4xx_hal_cortex.c.obj
 .debug_line    0x00002da2      0xe46 CMakeFiles/step_motor.elf.dir/Drivers/STM32F4xx_HAL_Driver/Src/stm32f4xx_hal_dma.c.obj
 .debug_line    0x00003be8      0x702 CMakeFiles/step_motor.elf.dir/Drivers/STM32F4xx_HAL_Driver/Src/stm32f4xx_hal_gpio.c.obj
 .debug_line    0x000042ea      0xb6a CMakeFiles/step_motor.elf.dir/Drivers/STM32F4xx_HAL_Driver/Src/stm32f4xx_hal_rcc.c.obj
 .debug_line    0x00004e54     0x42fb CMakeFiles/step_motor.elf.dir/Drivers/STM32F4xx_HAL_Driver/Src/stm32f4xx_hal_uart.c.obj

.debug_str      0x00000000     0x2e19
 .debug_str     0x00000000      0x294 CMakeFiles/step_motor.elf.dir/Core/Src/gpio.c.obj
                                0x2d6 (size before relaxing)
 .debug_str     0x00000294      0x6a0 CMakeFiles/step_motor.elf.dir/Core/Src/main.c.obj
                                0x9ba (size before relaxing)
 .debug_str     0x00000934      0x52c CMakeFiles/step_motor.elf.dir/Core/Src/retarget.c.obj
                                0xbe4 (size before relaxing)
 .debug_str     0x00000e60      0x11a CMakeFiles/step_motor.elf.dir/Core/Src/step_motor.c.obj
                                0x7ab (size before relaxing)
 .debug_str     0x00000f7a       0x48 CMakeFiles/step_motor.elf.dir/Core/Src/stm32f4xx_hal_msp.c.obj
                                0x2e2 (size before relaxing)
 .debug_str     0x00000fc2      0x109 CMakeFiles/step_motor.elf.dir/Core/Src/stm32f4xx_it.c.obj
                                0x71d (size before relaxing)
 .debug_str     0x000010cb      0x108 CMakeFiles/step_motor.elf.dir/Core/Src/syscalls.c.obj
                                0x403 (size before relaxing)
 .debug_str     0x000011d3       0x91 CMakeFiles/step_motor.elf.dir/Core/Src/sysmem.c.obj
                                0x24c (size before relaxing)
 .debug_str     0x00001264       0xa3 CMakeFiles/step_motor.elf.dir/Core/Src/system_stm32f4xx.c.obj
                                0x348 (size before relaxing)
 .debug_str     0x00001307      0x649 CMakeFiles/step_motor.elf.dir/Core/Src/usart.c.obj
                                0xe40 (size before relaxing)
 .debug_str     0x00001950       0x52 CMakeFiles/step_motor.elf.dir/Core/Startup/startup_stm32f407vetx.s.obj
                                 0x83 (size before relaxing)
 .debug_str     0x000019a2      0x35c CMakeFiles/step_motor.elf.dir/Drivers/STM32F4xx_HAL_Driver/Src/stm32f4xx_hal.c.obj
                                0xb81 (size before relaxing)
 .debug_str     0x00001cfe      0x4e5 CMakeFiles/step_motor.elf.dir/Drivers/STM32F4xx_HAL_Driver/Src/stm32f4xx_hal_cortex.c.obj
                                0xc9c (size before relaxing)
 .debug_str     0x000021e3      0x32f CMakeFiles/step_motor.elf.dir/Drivers/STM32F4xx_HAL_Driver/Src/stm32f4xx_hal_dma.c.obj
                                0x79d (size before relaxing)
 .debug_str     0x00002512      0x172 CMakeFiles/step_motor.elf.dir/Drivers/STM32F4xx_HAL_Driver/Src/stm32f4xx_hal_gpio.c.obj
                                0x507 (size before relaxing)
 .debug_str     0x00002684      0x1c0 CMakeFiles/step_motor.elf.dir/Drivers/STM32F4xx_HAL_Driver/Src/stm32f4xx_hal_rcc.c.obj
                                0x72d (size before relaxing)
 .debug_str     0x00002844      0x5d5 CMakeFiles/step_motor.elf.dir/Drivers/STM32F4xx_HAL_Driver/Src/stm32f4xx_hal_uart.c.obj
                                0xdc2 (size before relaxing)

.comment        0x00000000       0x49
 .comment       0x00000000       0x49 CMakeFiles/step_motor.elf.dir/Core/Src/gpio.c.obj
                                 0x4a (size before relaxing)
 .comment       0x00000049       0x4a CMakeFiles/step_motor.elf.dir/Core/Src/main.c.obj
 .comment       0x00000049       0x4a CMakeFiles/step_motor.elf.dir/Core/Src/retarget.c.obj
 .comment       0x00000049       0x4a CMakeFiles/step_motor.elf.dir/Core/Src/step_motor.c.obj
 .comment       0x00000049       0x4a CMakeFiles/step_motor.elf.dir/Core/Src/stm32f4xx_hal_msp.c.obj
 .comment       0x00000049       0x4a CMakeFiles/step_motor.elf.dir/Core/Src/stm32f4xx_it.c.obj
 .comment       0x00000049       0x4a CMakeFiles/step_motor.elf.dir/Core/Src/syscalls.c.obj
 .comment       0x00000049       0x4a CMakeFiles/step_motor.elf.dir/Core/Src/sysmem.c.obj
 .comment       0x00000049       0x4a CMakeFiles/step_motor.elf.dir/Core/Src/system_stm32f4xx.c.obj
 .comment       0x00000049       0x4a CMakeFiles/step_motor.elf.dir/Core/Src/usart.c.obj
 .comment       0x00000049       0x4a CMakeFiles/step_motor.elf.dir/Drivers/STM32F4xx_HAL_Driver/Src/stm32f4xx_hal.c.obj
 .comment       0x00000049       0x4a CMakeFiles/step_motor.elf.dir/Drivers/STM32F4xx_HAL_Driver/Src/stm32f4xx_hal_cortex.c.obj
 .comment       0x00000049       0x4a CMakeFiles/step_motor.elf.dir/Drivers/STM32F4xx_HAL_Driver/Src/stm32f4xx_hal_dma.c.obj
 .comment       0x00000049       0x4a CMakeFiles/step_motor.elf.dir/Drivers/STM32F4xx_HAL_Driver/Src/stm32f4xx_hal_gpio.c.obj
 .comment       0x00000049       0x4a CMakeFiles/step_motor.elf.dir/Drivers/STM32F4xx_HAL_Driver/Src/stm32f4xx_hal_rcc.c.obj
 .comment       0x00000049       0x4a CMakeFiles/step_motor.elf.dir/Drivers/STM32F4xx_HAL_Driver/Src/stm32f4xx_hal_uart.c.obj

.debug_frame    0x00000000     0x28b0
 .debug_frame   0x00000000       0x28 CMakeFiles/step_motor.elf.dir/Core/Src/gpio.c.obj
 .debug_frame   0x00000028       0x5c CMakeFiles/step_motor.elf.dir/Core/Src/main.c.obj
 .debug_frame   0x00000084       0xb8 CMakeFiles/step_motor.elf.dir/Core/Src/retarget.c.obj
 .debug_frame   0x0000013c       0xfc CMakeFiles/step_motor.elf.dir/Core/Src/step_motor.c.obj
 .debug_frame   0x00000238       0x28 CMakeFiles/step_motor.elf.dir/Core/Src/stm32f4xx_hal_msp.c.obj
 .debug_frame   0x00000260       0xd8 CMakeFiles/step_motor.elf.dir/Core/Src/stm32f4xx_it.c.obj
 .debug_frame   0x00000338      0x150 CMakeFiles/step_motor.elf.dir/Core/Src/syscalls.c.obj
 .debug_frame   0x00000488       0x28 CMakeFiles/step_motor.elf.dir/Core/Src/sysmem.c.obj
 .debug_frame   0x000004b0       0x30 CMakeFiles/step_motor.elf.dir/Core/Src/system_stm32f4xx.c.obj
 .debug_frame   0x000004e0       0x98 CMakeFiles/step_motor.elf.dir/Core/Src/usart.c.obj
 .debug_frame   0x00000578      0x1ec CMakeFiles/step_motor.elf.dir/Drivers/STM32F4xx_HAL_Driver/Src/stm32f4xx_hal.c.obj
 .debug_frame   0x00000764      0x178 CMakeFiles/step_motor.elf.dir/Drivers/STM32F4xx_HAL_Driver/Src/stm32f4xx_hal_cortex.c.obj
 .debug_frame   0x000008dc      0x188 CMakeFiles/step_motor.elf.dir/Drivers/STM32F4xx_HAL_Driver/Src/stm32f4xx_hal_dma.c.obj
 .debug_frame   0x00000a64       0xd8 CMakeFiles/step_motor.elf.dir/Drivers/STM32F4xx_HAL_Driver/Src/stm32f4xx_hal_gpio.c.obj
 .debug_frame   0x00000b3c      0x16c CMakeFiles/step_motor.elf.dir/Drivers/STM32F4xx_HAL_Driver/Src/stm32f4xx_hal_rcc.c.obj
 .debug_frame   0x00000ca8      0x5e4 CMakeFiles/step_motor.elf.dir/Drivers/STM32F4xx_HAL_Driver/Src/stm32f4xx_hal_uart.c.obj
 .debug_frame   0x0000128c       0xac d:/gcc-arm-none-eabi/bin/../lib/gcc/arm-none-eabi/10.3.1/thumb/v7e-m/nofp\libgcc.a(_arm_addsubdf3.o)
 .debug_frame   0x00001338       0x50 d:/gcc-arm-none-eabi/bin/../lib/gcc/arm-none-eabi/10.3.1/thumb/v7e-m/nofp\libgcc.a(_arm_muldivdf3.o)
 .debug_frame   0x00001388       0x2c d:/gcc-arm-none-eabi/bin/../lib/gcc/arm-none-eabi/10.3.1/thumb/v7e-m/nofp\libgcc.a(_aeabi_uldivmod.o)
 .debug_frame   0x000013b4       0x34 d:/gcc-arm-none-eabi/bin/../lib/gcc/arm-none-eabi/10.3.1/thumb/v7e-m/nofp\libgcc.a(_udivmoddi4.o)
 .debug_frame   0x000013e8       0x20 d:/gcc-arm-none-eabi/bin/../lib/gcc/arm-none-eabi/10.3.1/../../../../arm-none-eabi/lib/thumb/v7e-m/nofp\libc.a(lib_a-errno.o)
 .debug_frame   0x00001408       0x2c d:/gcc-arm-none-eabi/bin/../lib/gcc/arm-none-eabi/10.3.1/../../../../arm-none-eabi/lib/thumb/v7e-m/nofp\libc.a(lib_a-init.o)
 .debug_frame   0x00001434       0x2c d:/gcc-arm-none-eabi/bin/../lib/gcc/arm-none-eabi/10.3.1/../../../../arm-none-eabi/lib/thumb/v7e-m/nofp\libc.a(lib_a-memset.o)
 .debug_frame   0x00001460       0x74 d:/gcc-arm-none-eabi/bin/../lib/gcc/arm-none-eabi/10.3.1/../../../../arm-none-eabi/lib/thumb/v7e-m/nofp\libc.a(lib_a-printf.o)
 .debug_frame   0x000014d4       0x4c d:/gcc-arm-none-eabi/bin/../lib/gcc/arm-none-eabi/10.3.1/../../../../arm-none-eabi/lib/thumb/v7e-m/nofp\libc.a(lib_a-puts.o)
 .debug_frame   0x00001520       0x48 d:/gcc-arm-none-eabi/bin/../lib/gcc/arm-none-eabi/10.3.1/../../../../arm-none-eabi/lib/thumb/v7e-m/nofp\libc.a(lib_a-setvbuf.o)
 .debug_frame   0x00001568       0x94 d:/gcc-arm-none-eabi/bin/../lib/gcc/arm-none-eabi/10.3.1/../../../../arm-none-eabi/lib/thumb/v7e-m/nofp\libc.a(lib_a-vfprintf.o)
 .debug_frame   0x000015fc       0x2c d:/gcc-arm-none-eabi/bin/../lib/gcc/arm-none-eabi/10.3.1/../../../../arm-none-eabi/lib/thumb/v7e-m/nofp\libc.a(lib_a-wsetup.o)
 .debug_frame   0x00001628       0x5c d:/gcc-arm-none-eabi/bin/../lib/gcc/arm-none-eabi/10.3.1/../../../../arm-none-eabi/lib/thumb/v7e-m/nofp\libc.a(lib_a-__call_atexit.o)